2026-04-09 17:54:15,401 [INFO] Serwer uruchomiony. Nasłuchiwanie na porcie 5555...
2026-04-09 17:54:15,449 [INFO] Pomyślnie połączono z bazą PostgreSQL.
2026-04-09 17:54:26,160 [INFO] Gracz 0 połączył się z serwerem.
2026-04-09 17:54:26,199 [INFO] Próba dołączenia gracza: witam
2026-04-09 17:54:26,211 [INFO] Nowy gracz witam. Rejestracja w bazie...
2026-04-09 17:54:52,112 [INFO] Gracz 1 połączył się z serwerem.
2026-04-09 17:54:52,112 [INFO] Matchmaking: Dwóch graczy połączonych. Można startować grę.
2026-04-09 17:54:52,159 [INFO] Próba dołączenia gracza: czesc
2026-04-09 17:54:52,163 [INFO] Nowy gracz czesc. Rejestracja w bazie...
2026-04-09 17:57:09,857 [INFO] Zamykanie połączenia dla gracza witam (0).
2026-04-09 17:57:09,860 [INFO] Zamykanie połączenia dla gracza czesc (1).
2026-04-09 17:57:09,867 [INFO] Powiadamianie przeciwnika (1) o ucieczce gracza.
2026-04-09 17:57:09,868 [INFO] Powiadamianie przeciwnika (0) o ucieczce gracza.
2026-04-09 17:58:46,659 [INFO] Serwer uruchomiony. Nasłuchiwanie na porcie 5555...
2026-04-09 17:58:46,705 [INFO] Pomyślnie połączono z bazą PostgreSQL.
2026-04-09 17:59:16,863 [INFO] Serwer uruchomiony. Nasłuchiwanie na porcie 5555...
2026-04-09 17:59:16,908 [INFO] Pomyślnie połączono z bazą PostgreSQL.
2026-04-09 17:59:56,998 [INFO] Serwer uruchomiony. Nasłuchiwanie na porcie 5555...
2026-04-09 17:59:57,157 [INFO] Pomyślnie połączono z bazą PostgreSQL.
2026-04-09 18:00:04,309 [INFO] Gracz 0 połączył się z serwerem.
2026-04-09 18:00:04,348 [INFO] Gracz 'wer' wszedł do poczekalni (ID sesji: 0).
2026-04-09 18:00:06,337 [INFO] Zamykanie połączenia dla gracza wer (0).
2026-04-09 18:02:18,605 [INFO] Serwer uruchomiony. Nasłuchiwanie na porcie 5555...
2026-04-09 18:02:18,651 [INFO] Pomyślnie połączono z bazą PostgreSQL.
2026-04-09 18:12:32,327 [INFO] Serwer uruchomiony (Port: 5555).
2026-04-09 18:12:32,475 [INFO] Pomyślnie połączono z bazą PostgreSQL.
2026-04-09 18:12:47,325 [INFO] Gracz 0 połączył się z serwerem.
2026-04-09 18:12:47,364 [INFO] Gracz 'Jaj' (ID: 0) wszedł do gry.
2026-04-09 18:12:50,540 [INFO] Gracz 1 połączył się z serwerem.
2026-04-09 18:12:50,578 [INFO] Zamykanie połączenia: Jaj (0).
2026-04-09 18:12:50,578 [INFO] Gracz 'gh' (ID: 1) wszedł do gry.
2026-04-09 18:12:50,579 [INFO] Gracz gh szuka losowej gry...
2026-04-09 18:12:57,616 [INFO] Gracz 2 połączył się z serwerem.
2026-04-09 18:12:57,655 [INFO] Zamykanie połączenia: gh (1).
2026-04-09 18:12:57,655 [INFO] Gracz 'sd' (ID: 2) wszedł do gry.
2026-04-09 18:12:57,655 [INFO] Gracz sd stworzył pokój: C870W
2026-04-09 18:13:00,921 [INFO] Zamykanie połączenia: sd (2).
2026-04-09 19:42:44,009 [INFO] Serwer uruchomiony (Port: 5555).
2026-04-09 19:42:44,204 [ERROR] Nie można połączyć z bazą danych: connection to server at "localhost" (::1), port 5432 failed: fe_sendauth: no password supplied

2026-04-09 19:42:44,205 [WARNING] Brak połączenia z bazą! Opcje bazodanowe będą niedostępne.
2026-04-09 19:50:49,655 [CRITICAL] Błąd startu serwera: [WinError 10013] Została podjęta próba uzyskania dostępu do gniazda w sposób zabroniony przez
przypisane do niego uprawnienia dostępu
2026-04-09 19:50:54,214 [CRITICAL] Błąd startu serwera: [WinError 10013] Została podjęta próba uzyskania dostępu do gniazda w sposób zabroniony przez
przypisane do niego uprawnienia dostępu
2026-04-09 19:51:44,401 [CRITICAL] Błąd startu serwera: [WinError 10013] Została podjęta próba uzyskania dostępu do gniazda w sposób zabroniony przez
przypisane do niego uprawnienia dostępu
2026-04-09 19:56:20,138 [CRITICAL] Błąd startu serwera: [WinError 10013] Została podjęta próba uzyskania dostępu do gniazda w sposób zabroniony przez
przypisane do niego uprawnienia dostępu
2026-04-09 20:01:56,566 [INFO] Serwer uruchomiony (Port: 5556).
2026-04-09 20:02:00,647 [ERROR] Nie można połączyć z bazą danych: connection to server at "localhost" (::1), port 5432 failed: Connection refused (0x0000274D/10061)
	Is the server running on that host and accepting TCP/IP connections?
connection to server at "localhost" (127.0.0.1), port 5432 failed: Connection refused (0x0000274D/10061)
	Is the server running on that host and accepting TCP/IP connections?

2026-04-09 20:02:00,648 [WARNING] Brak połączenia z bazą! Opcje bazodanowe będą niedostępne.
2026-04-09 20:03:35,638 [INFO] Gracz 0 połączył się z serwerem.
2026-04-09 20:03:39,702 [ERROR] Nie można połączyć z bazą danych: connection to server at "localhost" (::1), port 5432 failed: Connection refused (0x0000274D/10061)
	Is the server running on that host and accepting TCP/IP connections?
connection to server at "localhost" (127.0.0.1), port 5432 failed: Connection refused (0x0000274D/10061)
	Is the server running on that host and accepting TCP/IP connections?

2026-04-09 20:03:39,703 [ERROR] Błąd gracza Nieznajomy_0 (0): 'utf-8' codec can't decode byte 0xd2 in position 5: invalid continuation byte
2026-04-09 20:03:39,703 [INFO] Zamykanie połączenia: Nieznajomy_0 (0).
2026-04-09 20:03:57,770 [INFO] Gracz 1 połączył się z serwerem.
2026-04-09 20:04:01,829 [ERROR] Nie można połączyć z bazą danych: connection to server at "localhost" (::1), port 5432 failed: Connection refused (0x0000274D/10061)
	Is the server running on that host and accepting TCP/IP connections?
connection to server at "localhost" (127.0.0.1), port 5432 failed: Connection refused (0x0000274D/10061)
	Is the server running on that host and accepting TCP/IP connections?

2026-04-09 20:04:01,830 [ERROR] Błąd gracza Nieznajomy_1 (1): 'utf-8' codec can't decode byte 0xd2 in position 5: invalid continuation byte
2026-04-09 20:04:01,830 [INFO] Zamykanie połączenia: Nieznajomy_1 (1).
2026-04-09 20:05:45,288 [CRITICAL] Błąd startu serwera: [WinError 10013] Została podjęta próba uzyskania dostępu do gniazda w sposób zabroniony przez
przypisane do niego uprawnienia dostępu
2026-04-11 11:01:24,176 [INFO] Serwer uruchomiony (Port: 5555).
2026-04-11 11:01:24,999 [ERROR] Nie można połączyć z bazą danych: 'utf-8' codec can't decode byte 0xb3 in position 98: invalid start byte
2026-04-11 11:01:24,999 [WARNING] Brak połączenia z bazą! Opcje bazodanowe będą niedostępne.
2026-04-11 11:01:32,189 [INFO] Gracz 0 połączył się z serwerem.
2026-04-11 11:01:32,231 [ERROR] Nie można połączyć z bazą danych: 'utf-8' codec can't decode byte 0xb3 in position 98: invalid start byte
2026-04-11 11:01:32,232 [INFO] Gracz 'x' (ID: 0) wszedł do gry.
2026-04-11 11:01:32,232 [INFO] Gracz x stworzył pokój: 8NRV6
2026-04-11 11:01:39,569 [INFO] Gracz 1 połączył się z serwerem.
2026-04-11 11:01:39,609 [ERROR] Nie można połączyć z bazą danych: 'utf-8' codec can't decode byte 0xb3 in position 98: invalid start byte
2026-04-11 11:01:39,610 [INFO] Zamykanie połączenia: x (0).
2026-04-11 11:01:39,610 [INFO] Gracz 'x' (ID: 1) wszedł do gry.
2026-04-11 11:01:39,611 [INFO] Gracz x szuka losowej gry...
2026-04-11 11:02:08,172 [INFO] Gracz 2 połączył się z serwerem.
2026-04-11 11:02:08,218 [ERROR] Nie można połączyć z bazą danych: 'utf-8' codec can't decode byte 0xb3 in position 98: invalid start byte
2026-04-11 11:02:08,219 [INFO] Zamykanie połączenia: x (1).
2026-04-11 11:02:08,219 [INFO] Gracz 'x' (ID: 2) wszedł do gry.
2026-04-11 11:02:08,220 [INFO] Gracz x stworzył pokój: KC674
2026-04-11 11:07:08,444 [ERROR] Błąd gracza x (2): [WinError 10054] Istniejące połączenie zostało gwałtownie zamknięte przez zdalnego hosta
2026-04-11 11:07:08,444 [INFO] Zamykanie połączenia: x (2).
2026-04-11 11:07:34,630 [CRITICAL] Błąd startu serwera: [WinError 10048] Tylko jedno użycie każdego adresu gniazda (protokół/adres sieciowy/port) jest normalnie dozwolone
2026-04-11 11:07:42,341 [CRITICAL] Błąd startu serwera: [WinError 10048] Tylko jedno użycie każdego adresu gniazda (protokół/adres sieciowy/port) jest normalnie dozwolone
2026-04-11 11:07:48,587 [CRITICAL] Błąd startu serwera: [WinError 10048] Tylko jedno użycie każdego adresu gniazda (protokół/adres sieciowy/port) jest normalnie dozwolone
2026-04-11 11:08:43,748 [INFO] Gracz 3 połączył się z serwerem.
2026-04-11 11:08:43,800 [ERROR] Nie można połączyć z bazą danych: 'utf-8' codec can't decode byte 0xb3 in position 98: invalid start byte
2026-04-11 11:08:43,801 [INFO] Gracz 'x' (ID: 3) wszedł do gry.
2026-04-11 11:08:43,801 [INFO] Gracz x szuka losowej gry...
2026-04-11 11:08:50,027 [INFO] Gracz 4 połączył się z serwerem.
2026-04-11 11:08:50,079 [ERROR] Nie można połączyć z bazą danych: 'utf-8' codec can't decode byte 0xb3 in position 98: invalid start byte
2026-04-11 11:08:50,080 [INFO] Gracz 'cc' (ID: 4) wszedł do gry.
2026-04-11 11:08:50,081 [INFO] Matchmaking: x vs cc (Pokój: FQ269)
2026-04-11 11:09:08,281 [INFO] Gracz 5 połączył się z serwerem.
2026-04-11 11:09:08,326 [ERROR] Nie można połączyć z bazą danych: 'utf-8' codec can't decode byte 0xb3 in position 98: invalid start byte
2026-04-11 11:09:08,327 [INFO] Zamykanie połączenia: x (3).
2026-04-11 11:09:08,327 [INFO] Gracz 'CC' (ID: 5) wszedł do gry.
2026-04-11 11:09:08,328 [INFO] Gracz CC szuka losowej gry...
2026-04-11 11:09:17,479 [INFO] Gracz 6 połączył się z serwerem.
2026-04-11 11:09:17,529 [ERROR] Nie można połączyć z bazą danych: 'utf-8' codec can't decode byte 0xb3 in position 98: invalid start byte
2026-04-11 11:09:17,530 [INFO] Zamykanie połączenia: cc (4).
2026-04-11 11:09:17,530 [INFO] Gracz 'xx' (ID: 6) wszedł do gry.
2026-04-11 11:09:17,531 [INFO] Matchmaking: CC vs xx (Pokój: ZUEHL)
2026-04-11 11:11:58,371 [INFO] Gracz 7 połączył się z serwerem.
2026-04-11 11:11:58,436 [ERROR] Nie można połączyć z bazą danych: 'utf-8' codec can't decode byte 0xb3 in position 98: invalid start byte
2026-04-11 11:11:58,437 [INFO] Zamykanie połączenia: CC (5).
2026-04-11 11:11:58,437 [INFO] Gracz 'x' (ID: 7) wszedł do gry.
2026-04-11 11:11:58,438 [INFO] Gracz x szuka losowej gry...
2026-04-11 11:12:03,503 [INFO] Gracz 8 połączył się z serwerem.
2026-04-11 11:12:03,554 [ERROR] Nie można połączyć z bazą danych: 'utf-8' codec can't decode byte 0xb3 in position 98: invalid start byte
2026-04-11 11:12:03,555 [INFO] Zamykanie połączenia: xx (6).
2026-04-11 11:12:03,556 [INFO] Gracz 'y' (ID: 8) wszedł do gry.
2026-04-11 11:12:03,556 [INFO] Matchmaking: x vs y (Pokój: YJA84)
2026-04-11 11:12:04,784 [INFO] Zamykanie połączenia: y (8).
2026-04-11 11:12:07,545 [ERROR] Błąd gracza x (7): [WinError 10054] Istniejące połączenie zostało gwałtownie zamknięte przez zdalnego hosta
2026-04-11 11:12:07,546 [INFO] Zamykanie połączenia: x (7).
2026-04-11 11:12:13,015 [INFO] Gracz 9 połączył się z serwerem.
2026-04-11 11:12:13,059 [ERROR] Nie można połączyć z bazą danych: 'utf-8' codec can't decode byte 0xb3 in position 98: invalid start byte
2026-04-11 11:12:13,060 [INFO] Gracz 'x' (ID: 9) wszedł do gry.
2026-04-11 11:12:13,061 [INFO] Gracz x szuka losowej gry...
2026-04-11 11:12:15,559 [INFO] Zamykanie połączenia: x (9).
2026-04-11 11:15:30,808 [CRITICAL] Błąd startu serwera: [WinError 10048] Tylko jedno użycie każdego adresu gniazda (protokół/adres sieciowy/port) jest normalnie dozwolone
2026-04-11 11:15:39,246 [INFO] Gracz 10 połączył się z serwerem.
2026-04-11 11:15:39,285 [ERROR] Nie można połączyć z bazą danych: 'utf-8' codec can't decode byte 0xb3 in position 98: invalid start byte
2026-04-11 11:15:39,286 [INFO] Gracz 'aa' (ID: 10) wszedł do gry.
2026-04-11 11:15:39,286 [INFO] Gracz aa szuka losowej gry...
2026-04-11 11:15:40,776 [INFO] Gracz 11 połączył się z serwerem.
2026-04-11 11:15:40,814 [ERROR] Nie można połączyć z bazą danych: 'utf-8' codec can't decode byte 0xb3 in position 98: invalid start byte
2026-04-11 11:15:40,816 [INFO] Gracz 'dd' (ID: 11) wszedł do gry.
2026-04-11 11:15:40,816 [INFO] Matchmaking: aa vs dd (Pokój: NPYWD)
2026-04-11 11:17:00,871 [INFO] Gracz 12 połączył się z serwerem.
2026-04-11 11:17:00,911 [ERROR] Nie można połączyć z bazą danych: 'utf-8' codec can't decode byte 0xb3 in position 98: invalid start byte
2026-04-11 11:17:00,912 [INFO] Zamykanie połączenia: dd (11).
2026-04-11 11:17:00,913 [INFO] Gracz 'xx' (ID: 12) wszedł do gry.
2026-04-11 11:17:00,914 [INFO] Gracz xx szuka losowej gry...
2026-04-11 11:17:04,886 [INFO] Gracz 13 połączył się z serwerem.
2026-04-11 11:17:04,934 [ERROR] Nie można połączyć z bazą danych: 'utf-8' codec can't decode byte 0xb3 in position 98: invalid start byte
2026-04-11 11:17:04,935 [ERROR] Błąd gracza aa (10): [WinError 10054] Istniejące połączenie zostało gwałtownie zamknięte przez zdalnego hosta
2026-04-11 11:17:04,935 [INFO] Gracz 'aa' (ID: 13) wszedł do gry.
2026-04-11 11:17:04,936 [INFO] Zamykanie połączenia: aa (10).
2026-04-11 11:17:04,937 [INFO] Matchmaking: xx vs aa (Pokój: 7LFM6)
2026-04-11 11:17:40,817 [INFO] Zamykanie połączenia: aa (13).
2026-04-11 11:17:42,370 [ERROR] Błąd gracza xx (12): [WinError 10054] Istniejące połączenie zostało gwałtownie zamknięte przez zdalnego hosta
2026-04-11 11:17:42,371 [INFO] Zamykanie połączenia: xx (12).
2026-04-11 11:19:45,340 [INFO] Gracz 14 połączył się z serwerem.
2026-04-11 11:19:45,384 [ERROR] Nie można połączyć z bazą danych: 'utf-8' codec can't decode byte 0xb3 in position 98: invalid start byte
2026-04-11 11:19:45,385 [INFO] Gracz 'aa' (ID: 14) wszedł do gry.
2026-04-11 11:19:45,385 [INFO] Gracz aa szuka losowej gry...
2026-04-11 11:19:47,076 [INFO] Gracz 15 połączył się z serwerem.
2026-04-11 11:19:47,126 [ERROR] Nie można połączyć z bazą danych: 'utf-8' codec can't decode byte 0xb3 in position 98: invalid start byte
2026-04-11 11:19:47,127 [INFO] Gracz 'xx' (ID: 15) wszedł do gry.
2026-04-11 11:19:47,128 [INFO] Matchmaking: aa vs xx (Pokój: 06ABT)
2026-04-11 11:20:19,114 [INFO] Zamykanie połączenia: xx (15).
2026-04-11 11:22:18,140 [ERROR] Błąd gracza aa (14): [WinError 10054] Istniejące połączenie zostało gwałtownie zamknięte przez zdalnego hosta
2026-04-11 11:22:18,140 [INFO] Zamykanie połączenia: aa (14).
2026-04-11 11:23:22,938 [INFO] Gracz 16 połączył się z serwerem.
2026-04-11 11:23:22,987 [ERROR] Nie można połączyć z bazą danych: 'utf-8' codec can't decode byte 0xb3 in position 98: invalid start byte
2026-04-11 11:23:22,987 [INFO] Gracz 'd' (ID: 16) wszedł do gry.
2026-04-11 11:23:22,988 [INFO] Gracz d szuka losowej gry...
2026-04-11 11:23:24,430 [INFO] Gracz 17 połączył się z serwerem.
2026-04-11 11:23:24,483 [ERROR] Nie można połączyć z bazą danych: 'utf-8' codec can't decode byte 0xb3 in position 98: invalid start byte
2026-04-11 11:23:24,484 [INFO] Gracz 'x' (ID: 17) wszedł do gry.
2026-04-11 11:23:24,485 [INFO] Matchmaking: d vs x (Pokój: 5604P)
2026-04-11 11:24:30,770 [INFO] Zamykanie połączenia: x (17).
2026-04-11 11:24:32,181 [ERROR] Błąd gracza d (16): [WinError 10054] Istniejące połączenie zostało gwałtownie zamknięte przez zdalnego hosta
2026-04-11 11:24:32,181 [INFO] Zamykanie połączenia: d (16).
2026-04-11 11:26:36,177 [INFO] Gracz 18 połączył się z serwerem.
2026-04-11 11:26:36,341 [ERROR] Nie można połączyć z bazą danych: 'utf-8' codec can't decode byte 0xb3 in position 98: invalid start byte
2026-04-11 11:26:36,341 [INFO] Gracz 'f' (ID: 18) wszedł do gry.
2026-04-11 11:26:36,342 [INFO] Gracz f szuka losowej gry...
2026-04-11 11:26:39,361 [INFO] Gracz 19 połączył się z serwerem.
2026-04-11 11:26:39,423 [ERROR] Nie można połączyć z bazą danych: 'utf-8' codec can't decode byte 0xb3 in position 98: invalid start byte
2026-04-11 11:26:39,424 [INFO] Gracz 'a' (ID: 19) wszedł do gry.
2026-04-11 11:26:39,424 [INFO] Matchmaking: f vs a (Pokój: 28F1G)
2026-04-11 11:27:11,920 [INFO] Zamykanie połączenia: a (19).
2026-04-11 11:27:13,338 [ERROR] Błąd gracza f (18): [WinError 10054] Istniejące połączenie zostało gwałtownie zamknięte przez zdalnego hosta
2026-04-11 11:27:13,339 [INFO] Zamykanie połączenia: f (18).
2026-04-11 11:28:56,363 [INFO] Gracz 20 połączył się z serwerem.
2026-04-11 11:28:56,418 [ERROR] Nie można połączyć z bazą danych: 'utf-8' codec can't decode byte 0xb3 in position 98: invalid start byte
2026-04-11 11:28:56,419 [INFO] Gracz 's' (ID: 20) wszedł do gry.
2026-04-11 11:28:56,420 [INFO] Gracz s szuka losowej gry...
2026-04-11 11:28:57,729 [INFO] Gracz 21 połączył się z serwerem.
2026-04-11 11:28:57,794 [ERROR] Nie można połączyć z bazą danych: 'utf-8' codec can't decode byte 0xb3 in position 98: invalid start byte
2026-04-11 11:28:57,795 [INFO] Gracz 'x' (ID: 21) wszedł do gry.
2026-04-11 11:28:57,796 [INFO] Matchmaking: s vs x (Pokój: 4J953)
2026-04-11 11:29:24,015 [INFO] Zamykanie połączenia: x (21).
2026-04-11 11:29:25,030 [ERROR] Błąd gracza s (20): [WinError 10054] Istniejące połączenie zostało gwałtownie zamknięte przez zdalnego hosta
2026-04-11 11:29:25,031 [INFO] Zamykanie połączenia: s (20).
2026-04-11 11:33:17,989 [CRITICAL] Błąd startu serwera: [WinError 10048] Tylko jedno użycie każdego adresu gniazda (protokół/adres sieciowy/port) jest normalnie dozwolone
2026-04-11 11:34:55,295 [CRITICAL] Błąd startu serwera: [WinError 10048] Tylko jedno użycie każdego adresu gniazda (protokół/adres sieciowy/port) jest normalnie dozwolone
2026-04-11 11:35:04,521 [INFO] Gracz 22 połączył się z serwerem.
2026-04-11 11:35:04,579 [ERROR] Nie można połączyć z bazą danych: 'utf-8' codec can't decode byte 0xb3 in position 98: invalid start byte
2026-04-11 11:35:04,580 [INFO] Gracz 'w' (ID: 22) wszedł do gry.
2026-04-11 11:35:04,580 [INFO] Gracz w szuka losowej gry...
2026-04-11 11:35:07,298 [INFO] Gracz 23 połączył się z serwerem.
2026-04-11 11:35:07,367 [ERROR] Nie można połączyć z bazą danych: 'utf-8' codec can't decode byte 0xb3 in position 98: invalid start byte
2026-04-11 11:35:07,368 [INFO] Gracz 'q' (ID: 23) wszedł do gry.
2026-04-11 11:35:07,369 [INFO] Matchmaking: w vs q (Pokój: 3JFXG)
2026-04-11 11:35:27,807 [INFO] Zamykanie połączenia: q (23).
2026-04-11 11:35:30,974 [ERROR] Błąd gracza w (22): [WinError 10054] Istniejące połączenie zostało gwałtownie zamknięte przez zdalnego hosta
2026-04-11 11:35:30,975 [INFO] Zamykanie połączenia: w (22).
2026-04-11 11:36:38,514 [INFO] Gracz 24 połączył się z serwerem.
2026-04-11 11:36:38,586 [ERROR] Nie można połączyć z bazą danych: 'utf-8' codec can't decode byte 0xb3 in position 98: invalid start byte
2026-04-11 11:36:38,587 [INFO] Gracz 'q' (ID: 24) wszedł do gry.
2026-04-11 11:36:38,588 [INFO] Gracz q szuka losowej gry...
2026-04-11 11:36:41,588 [INFO] Gracz 25 połączył się z serwerem.
2026-04-11 11:36:41,644 [ERROR] Nie można połączyć z bazą danych: 'utf-8' codec can't decode byte 0xb3 in position 98: invalid start byte
2026-04-11 11:36:41,645 [INFO] Gracz 'qq' (ID: 25) wszedł do gry.
2026-04-11 11:36:41,646 [INFO] Matchmaking: q vs qq (Pokój: X2GSX)
2026-04-11 11:36:48,075 [INFO] Zamykanie połączenia: qq (25).
2026-04-11 11:36:49,060 [ERROR] Błąd gracza q (24): [WinError 10054] Istniejące połączenie zostało gwałtownie zamknięte przez zdalnego hosta
2026-04-11 11:36:49,060 [INFO] Zamykanie połączenia: q (24).
2026-04-11 11:42:11,861 [CRITICAL] Błąd startu serwera: [WinError 10048] Tylko jedno użycie każdego adresu gniazda (protokół/adres sieciowy/port) jest normalnie dozwolone
2026-04-11 11:42:21,139 [INFO] Gracz 26 połączył się z serwerem.
2026-04-11 11:42:21,217 [ERROR] Nie można połączyć z bazą danych: 'utf-8' codec can't decode byte 0xb3 in position 98: invalid start byte
2026-04-11 11:42:21,219 [INFO] Gracz 'w' (ID: 26) wszedł do gry.
2026-04-11 11:42:21,220 [INFO] Gracz w szuka losowej gry...
2026-04-11 11:42:22,640 [INFO] Gracz 27 połączył się z serwerem.
2026-04-11 11:42:22,706 [ERROR] Nie można połączyć z bazą danych: 'utf-8' codec can't decode byte 0xb3 in position 98: invalid start byte
2026-04-11 11:42:22,708 [INFO] Gracz 'q' (ID: 27) wszedł do gry.
2026-04-11 11:42:22,709 [INFO] Matchmaking: w vs q (Pokój: T9PAZ)
2026-04-11 11:42:46,552 [ERROR] Błąd gracza w (26): [WinError 10054] Istniejące połączenie zostało gwałtownie zamknięte przez zdalnego hosta
2026-04-11 11:42:46,553 [INFO] Zamykanie połączenia: w (26).
2026-04-11 11:43:56,574 [CRITICAL] Błąd startu serwera: [WinError 10048] Tylko jedno użycie każdego adresu gniazda (protokół/adres sieciowy/port) jest normalnie dozwolone
2026-04-11 11:44:04,044 [INFO] Gracz 28 połączył się z serwerem.
2026-04-11 11:44:04,117 [ERROR] Nie można połączyć z bazą danych: 'utf-8' codec can't decode byte 0xb3 in position 98: invalid start byte
2026-04-11 11:44:04,119 [INFO] Gracz 's' (ID: 28) wszedł do gry.
2026-04-11 11:44:04,120 [INFO] Gracz s szuka losowej gry...
2026-04-11 11:44:08,174 [INFO] Gracz 29 połączył się z serwerem.
2026-04-11 11:44:08,248 [ERROR] Nie można połączyć z bazą danych: 'utf-8' codec can't decode byte 0xb3 in position 98: invalid start byte
2026-04-11 11:44:08,250 [INFO] Gracz 'd' (ID: 29) wszedł do gry.
2026-04-11 11:44:08,251 [INFO] Matchmaking: s vs d (Pokój: U4B53)
2026-04-11 11:44:40,040 [INFO] Zamykanie połączenia: s (28).
2026-04-11 11:48:09,816 [INFO] Zamykanie połączenia: d (29).
2026-04-11 11:48:13,073 [ERROR] Błąd gracza q (27): [WinError 10054] Istniejące połączenie zostało gwałtownie zamknięte przez zdalnego hosta
2026-04-11 11:48:13,074 [INFO] Zamykanie połączenia: q (27).
2026-04-11 12:00:17,626 [CRITICAL] Błąd startu serwera: [WinError 10048] Tylko jedno użycie każdego adresu gniazda (protokół/adres sieciowy/port) jest normalnie dozwolone
2026-04-11 12:01:16,535 [INFO] Gracz 30 połączył się z serwerem.
2026-04-11 12:01:16,623 [ERROR] Nie można połączyć z bazą danych: 'utf-8' codec can't decode byte 0xb3 in position 98: invalid start byte
2026-04-11 12:01:16,625 [INFO] Gracz 'x' (ID: 30) wszedł do gry.
2026-04-11 12:01:16,626 [INFO] Gracz x szuka losowej gry...
2026-04-11 12:01:24,438 [INFO] Gracz 31 połączył się z serwerem.
2026-04-11 12:01:24,524 [ERROR] Nie można połączyć z bazą danych: 'utf-8' codec can't decode byte 0xb3 in position 98: invalid start byte
2026-04-11 12:01:24,526 [INFO] Gracz 'd' (ID: 31) wszedł do gry.
2026-04-11 12:01:24,527 [INFO] Matchmaking: x vs d (Pokój: 7RV7J)
2026-04-11 12:19:57,246 [INFO] Zamykanie połączenia: d (31).
2026-04-11 12:19:58,293 [INFO] Zamykanie połączenia: x (30).
2026-04-12 23:28:24,654 [INFO] Serwer uruchomiony (Port: 5555).
2026-04-12 23:28:24,743 [ERROR] Nie można połączyć z bazą danych: 'utf-8' codec can't decode byte 0xb3 in position 92: invalid start byte
2026-04-12 23:28:24,743 [WARNING] Brak połączenia z bazą! Opcje bazodanowe będą niedostępne.
2026-04-12 23:28:47,138 [INFO] Serwer uruchomiony (Port: 5555).
2026-04-12 23:28:47,186 [INFO] Pomyślnie połączono z bazą PostgreSQL.
2026-04-12 23:30:39,273 [INFO] Serwer uruchomiony (Port: 5555).
2026-04-12 23:30:39,328 [INFO] Pomyślnie połączono z bazą PostgreSQL.
2026-04-12 23:32:37,516 [INFO] Gracz 0 połączył się z serwerem.
2026-04-12 23:32:37,557 [INFO] Gracz 'test' (ID: 0) wszedł do gry.
2026-04-12 23:32:37,557 [INFO] Gracz test stworzył pokój: S8DL3
2026-04-12 23:32:48,699 [INFO] Gracz 1 połączył się z serwerem.
2026-04-12 23:32:48,838 [INFO] Zamykanie połączenia: test (0).
2026-04-12 23:32:48,839 [INFO] Gracz 'tedt' (ID: 1) wszedł do gry.
2026-04-12 23:32:48,839 [INFO] Gracz tedt szuka losowej gry...
2026-04-12 23:33:05,562 [INFO] Gracz 2 połączył się z serwerem.
2026-04-12 23:33:05,612 [INFO] Gracz 'test2' (ID: 2) wszedł do gry.
2026-04-12 23:33:05,612 [INFO] Matchmaking: tedt vs test2 (Pokój: 6K9MF)
2026-04-12 23:33:56,330 [INFO] Zamykanie połączenia: test2 (2).
2026-04-12 23:33:58,711 [ERROR] Błąd gracza tedt (1): [WinError 10054] Istniejące połączenie zostało gwałtownie zamknięte przez zdalnego hosta
2026-04-12 23:33:58,711 [INFO] Zamykanie połączenia: tedt (1).
2026-04-13 09:43:02,253 [INFO] Serwer uruchomiony (Port: 5555).
2026-04-13 09:43:02,323 [INFO] Pomyślnie połączono z bazą PostgreSQL.
2026-04-13 10:06:39,569 [INFO] Serwer uruchomiony (Port: 5555).
2026-04-13 10:06:39,799 [INFO] Pomyślnie połączono z bazą PostgreSQL.
2026-04-13 10:11:20,187 [INFO] Serwer uruchomiony (Port: 5555).
2026-04-13 10:11:20,300 [INFO] Pomyślnie połączono z bazą PostgreSQL.
2026-04-13 10:11:39,448 [INFO] Gracz 0 połączył się z serwerem.
2026-04-13 10:11:39,538 [INFO] Gracz 'test' (ID: 0) wszedł do gry.
2026-04-13 10:11:39,538 [INFO] Gracz test szuka losowej gry...
2026-04-13 10:11:52,282 [INFO] Gracz 1 połączył się z serwerem.
2026-04-13 10:11:52,375 [INFO] Gracz 'test2' (ID: 1) wszedł do gry.
2026-04-13 10:11:52,376 [INFO] Matchmaking: test vs test2 (Pokój: ZGWGK)
2026-04-13 10:12:14,451 [INFO] Zamykanie połączenia: test2 (1).
2026-04-13 10:12:16,921 [ERROR] Błąd gracza test (0): [WinError 10054] Istniejące połączenie zostało gwałtownie zamknięte przez zdalnego hosta
2026-04-13 10:12:16,922 [INFO] Zamykanie połączenia: test (0).
2026-04-13 10:19:00,952 [INFO] Serwer uruchomiony (Port: 5555).
2026-04-13 10:19:01,087 [INFO] Pomyślnie połączono z bazą PostgreSQL.
2026-04-13 10:19:38,940 [INFO] Gracz 0 połączył się z serwerem.
2026-04-13 10:19:39,029 [INFO] Gracz 'test' (ID: 0) wszedł do gry.
2026-04-13 10:19:39,030 [INFO] Gracz test stworzył pokój: 1R309
2026-04-13 10:19:48,503 [INFO] Gracz 1 połączył się z serwerem.
2026-04-13 10:19:48,597 [INFO] Zamykanie połączenia: test (0).
2026-04-13 10:19:48,598 [INFO] Gracz 'test' (ID: 1) wszedł do gry.
2026-04-13 10:19:48,598 [INFO] Gracz test szuka losowej gry...
2026-04-13 10:20:00,162 [INFO] Gracz 2 połączył się z serwerem.
2026-04-13 10:20:00,252 [INFO] Gracz 'test2' (ID: 2) wszedł do gry.
2026-04-13 10:20:00,253 [INFO] Matchmaking: test vs test2 (Pokój: S8S2C)
2026-04-13 10:20:25,518 [INFO] Zamykanie połączenia: test2 (2).
2026-04-13 10:20:27,251 [ERROR] Błąd gracza test (1): [WinError 10054] Istniejące połączenie zostało gwałtownie zamknięte przez zdalnego hosta
2026-04-13 10:20:27,251 [INFO] Zamykanie połączenia: test (1).
2026-04-23 12:23:04,757 [INFO] Serwer uruchomiony (Port: 5555).
2026-04-23 12:23:06,087 [INFO] Pomyślnie połączono z bazą PostgreSQL.
2026-04-23 12:24:01,038 [INFO] Gracz 0 połączył się z serwerem.
2026-04-23 12:24:01,135 [INFO] Gracz 'dwaf' (ID: 0) wszedł do gry.
2026-04-23 12:24:01,136 [INFO] Gracz dwaf szuka losowej gry...
2026-04-23 12:24:29,959 [INFO] Gracz 1 połączył się z serwerem.
2026-04-23 12:24:30,048 [INFO] Gracz 'etrdyfku' (ID: 1) wszedł do gry.
2026-04-23 12:24:30,049 [INFO] Matchmaking: dwaf vs etrdyfku (Pokój: UMDJM)
2026-04-23 12:24:43,846 [INFO] Zamykanie połączenia: dwaf (0).
2026-04-23 12:24:46,737 [INFO] Zamykanie połączenia: etrdyfku (1).
2026-04-23 12:28:28,706 [INFO] Serwer uruchomiony (Port: 5555).
2026-04-23 12:28:28,813 [INFO] Pomyślnie połączono z bazą PostgreSQL.
2026-04-23 12:32:42,054 [INFO] Serwer uruchomiony (Port: 5555).
2026-04-23 12:32:42,156 [INFO] Pomyślnie połączono z bazą PostgreSQL.
2026-04-23 12:32:49,786 [INFO] Gracz 0 połączył się z serwerem.
2026-04-23 12:32:49,873 [INFO] Gracz 'df' (ID: 0) wszedł do gry.
2026-04-23 12:32:49,873 [INFO] Gracz df szuka losowej gry...
2026-04-23 12:32:58,698 [INFO] Gracz 1 połączył się z serwerem.
2026-04-23 12:32:58,789 [INFO] Gracz 'bes' (ID: 1) wszedł do gry.
2026-04-23 12:32:58,790 [INFO] Matchmaking: df vs bes (Pokój: ENA5J)
2026-04-23 12:37:20,767 [INFO] Zamykanie połączenia: df (0).
2026-04-23 12:37:20,771 [INFO] Zamykanie połączenia: bes (1).
2026-04-23 12:38:11,574 [INFO] Serwer uruchomiony (Port: 5555).
2026-04-23 12:38:11,681 [INFO] Pomyślnie połączono z bazą PostgreSQL.
2026-04-23 12:38:22,733 [INFO] Gracz 0 połączył się z serwerem.
2026-04-23 12:38:22,924 [INFO] Gracz 'wafegs' (ID: 0) wszedł do gry.
2026-04-23 12:38:22,925 [INFO] Gracz wafegs szuka losowej gry...
2026-04-23 12:38:37,478 [INFO] Gracz 1 połączył się z serwerem.
2026-04-23 12:38:37,577 [INFO] Gracz 'dWFA' (ID: 1) wszedł do gry.
2026-04-23 12:38:37,577 [INFO] Matchmaking: wafegs vs dWFA (Pokój: 8XEDF)
2026-04-23 12:38:41,591 [INFO] Gracz dWFA w pokoju 8XEDF jest gotowy.
2026-04-23 12:40:59,598 [INFO] Zamykanie połączenia: dWFA (1).
2026-04-23 12:40:59,604 [ERROR] Błąd gracza wafegs (0): [WinError 10054] Istniejące połączenie zostało gwałtownie zamknięte przez zdalnego hosta
2026-04-23 12:40:59,604 [INFO] Zamykanie połączenia: wafegs (0).
2026-04-23 12:49:16,465 [INFO] Serwer uruchomiony (Port: 5555).
2026-04-23 12:49:16,578 [INFO] Pomyślnie połączono z bazą PostgreSQL.
2026-04-23 12:49:31,495 [INFO] Gracz 0 połączył się z serwerem.
2026-04-23 12:49:31,586 [INFO] Gracz 'dwaf' (ID: 0) wszedł do gry.
2026-04-23 12:49:31,587 [INFO] Gracz dwaf szuka losowej gry...
2026-04-23 12:49:36,137 [INFO] Gracz 1 połączył się z serwerem.
2026-04-23 12:49:36,230 [INFO] Gracz 'faw' (ID: 1) wszedł do gry.
2026-04-23 12:49:36,231 [INFO] Matchmaking: dwaf vs faw (Pokój: NYD40)
2026-04-23 12:49:39,324 [INFO] Gracz faw w pokoju NYD40 jest gotowy.
2026-04-23 12:54:48,771 [INFO] Zamykanie połączenia: faw (1).
2026-04-23 12:54:48,785 [ERROR] Błąd gracza dwaf (0): [WinError 10054] Istniejące połączenie zostało gwałtownie zamknięte przez zdalnego hosta
2026-04-23 12:54:48,786 [INFO] Zamykanie połączenia: dwaf (0).
2026-04-23 12:55:07,325 [INFO] Serwer uruchomiony (Port: 5555).
2026-04-23 12:55:07,432 [INFO] Pomyślnie połączono z bazą PostgreSQL.
2026-04-23 12:55:20,164 [INFO] Gracz 0 połączył się z serwerem.
2026-04-23 12:55:20,253 [INFO] Gracz 'daw' (ID: 0) wszedł do gry.
2026-04-23 12:55:20,253 [INFO] Gracz daw szuka losowej gry...
2026-04-23 12:55:24,098 [INFO] Gracz 1 połączył się z serwerem.
2026-04-23 12:55:24,301 [INFO] Gracz 'dwa' (ID: 1) wszedł do gry.
2026-04-23 12:55:24,302 [INFO] Matchmaking: daw vs dwa (Pokój: WHOCM)
2026-04-23 12:55:27,199 [INFO] Gracz dwa w pokoju WHOCM jest gotowy.
2026-04-23 12:56:02,912 [INFO] Zamykanie połączenia: dwa (1).
2026-04-23 12:56:02,913 [ERROR] Błąd gracza daw (0): [WinError 10054] Istniejące połączenie zostało gwałtownie zamknięte przez zdalnego hosta
2026-04-23 12:56:02,914 [INFO] Zamykanie połączenia: daw (0).
2026-04-23 12:59:02,278 [INFO] Serwer uruchomiony (Port: 5555).
2026-04-23 12:59:02,488 [INFO] Pomyślnie połączono z bazą PostgreSQL.
2026-04-23 12:59:08,119 [INFO] Gracz 0 połączył się z serwerem.
2026-04-23 12:59:08,212 [INFO] Gracz 'wfa' (ID: 0) wszedł do gry.
2026-04-23 12:59:08,213 [INFO] Gracz wfa szuka losowej gry...
2026-04-23 12:59:12,101 [INFO] Gracz 1 połączył się z serwerem.
2026-04-23 12:59:12,189 [INFO] Gracz 'w34yr' (ID: 1) wszedł do gry.
2026-04-23 12:59:12,189 [INFO] Matchmaking: wfa vs w34yr (Pokój: IRQHA)
2026-04-23 12:59:14,578 [INFO] Gracz w34yr w pokoju IRQHA jest gotowy.
2026-04-23 12:59:17,949 [INFO] Gracz wfa w pokoju IRQHA jest gotowy.
2026-04-23 12:59:17,949 [INFO] Pokój IRQHA: Obaj gracze gotowi. Start bitwy!
2026-04-23 13:00:42,772 [INFO] Zamykanie połączenia: w34yr (1).
2026-04-23 13:00:43,599 [INFO] Zamykanie połączenia: wfa (0).
2026-04-23 13:02:35,996 [INFO] Serwer uruchomiony (Port: 5555).
2026-04-23 13:02:36,116 [INFO] Pomyślnie połączono z bazą PostgreSQL.
2026-05-09 23:13:56,694 [INFO] Serwer uruchomiony (Port: 5555).
2026-05-09 23:13:56,830 [ERROR] Nie można połączyć z bazą danych: connection to server at "localhost" (127.0.0.1), port 5432 failed: fe_sendauth: no password supplied

2026-05-09 23:13:56,830 [WARNING] Brak połączenia z bazą! Opcje bazodanowe będą niedostępne.
2026-05-09 23:15:31,516 [INFO] Serwer uruchomiony (Port: 5555).
2026-05-09 23:15:31,554 [ERROR] Nie można połączyć z bazą danych: 'utf-8' codec can't decode byte 0xb3 in position 98: invalid start byte
2026-05-09 23:15:31,554 [WARNING] Brak połączenia z bazą! Opcje bazodanowe będą niedostępne.
2026-05-09 23:15:57,214 [INFO] Serwer uruchomiony (Port: 5555).
2026-05-09 23:15:57,249 [ERROR] Nie można połączyć z bazą danych: 'utf-8' codec can't decode byte 0xb3 in position 98: invalid start byte
2026-05-09 23:15:57,250 [WARNING] Brak połączenia z bazą! Opcje bazodanowe będą niedostępne.
2026-05-09 23:18:03,617 [INFO] Serwer uruchomiony (Port: 5555).
2026-05-09 23:18:03,654 [ERROR] Nie można połączyć z bazą danych: 'utf-8' codec can't decode byte 0xb3 in position 98: invalid start byte
2026-05-09 23:18:03,654 [WARNING] Brak połączenia z bazą! Opcje bazodanowe będą niedostępne.
2026-05-09 23:21:53,752 [INFO] Serwer uruchomiony (Port: 5555).
2026-05-09 23:21:53,788 [ERROR] Nie można połączyć z bazą danych: 'utf-8' codec can't decode byte 0xb3 in position 98: invalid start byte
2026-05-09 23:21:53,788 [WARNING] Brak połączenia z bazą! Opcje bazodanowe będą niedostępne.
2026-05-09 23:22:05,997 [INFO] Serwer uruchomiony (Port: 5555).
2026-05-09 23:22:06,035 [ERROR] Nie można połączyć z bazą danych: 'utf-8' codec can't decode byte 0xb3 in position 98: invalid start byte
2026-05-09 23:22:06,035 [WARNING] Brak połączenia z bazą! Opcje bazodanowe będą niedostępne.
2026-05-09 23:32:10,168 [INFO] Serwer uruchomiony (Port: 5555).
2026-05-09 23:32:10,206 [INFO] Pomyślnie połączono z bazą PostgreSQL.
2026-05-09 23:32:29,623 [INFO] Gracz 0 połączył się z serwerem.
2026-05-09 23:32:29,657 [INFO] Gracz 'x' (ID: 0) wszedł do gry.
2026-05-09 23:32:29,657 [INFO] Gracz x szuka losowej gry...
2026-05-09 23:40:47,398 [INFO] Gracz 1 połączył się z serwerem.
2026-05-09 23:40:47,433 [INFO] Gracz 'y' (ID: 1) wszedł do gry.
2026-05-09 23:40:47,433 [INFO] Matchmaking: x vs y (Pokój: PF1Z8)
2026-05-09 23:41:20,998 [INFO] Zamykanie połączenia: y (1).
2026-05-09 23:41:24,392 [ERROR] Błąd gracza x (0): [WinError 10054] Istniejące połączenie zostało gwałtownie zamknięte przez zdalnego hosta
2026-05-09 23:41:24,392 [INFO] Zamykanie połączenia: x (0).
2026-05-09 23:43:09,686 [INFO] Gracz 2 połączył się z serwerem.
2026-05-09 23:43:09,720 [INFO] Gracz 'x' (ID: 2) wszedł do gry.
2026-05-09 23:43:09,720 [INFO] Gracz x szuka losowej gry...
2026-05-09 23:43:19,049 [INFO] Gracz 3 połączył się z serwerem.
2026-05-09 23:43:19,085 [INFO] Gracz 'y' (ID: 3) wszedł do gry.
2026-05-09 23:43:19,085 [INFO] Matchmaking: x vs y (Pokój: CZT51)
2026-05-09 23:43:52,240 [INFO] Gracz y w pokoju CZT51 jest gotowy.
2026-05-09 23:43:59,241 [INFO] Gracz x w pokoju CZT51 jest gotowy.
2026-05-09 23:43:59,241 [INFO] Pokój CZT51: Obaj gracze gotowi. Start bitwy!
2026-05-09 23:44:47,599 [INFO] Zamykanie połączenia: x (2).
2026-05-09 23:44:48,305 [INFO] Zamykanie połączenia: y (3).
2026-05-09 23:50:53,557 [INFO] Gracz 4 połączył się z serwerem.
2026-05-09 23:50:53,592 [INFO] Gracz 'x' (ID: 4) wszedł do gry.
2026-05-09 23:50:53,592 [INFO] Gracz x szuka losowej gry...
2026-05-09 23:50:58,526 [INFO] Gracz 5 połączył się z serwerem.
2026-05-09 23:50:58,562 [INFO] Gracz 'y' (ID: 5) wszedł do gry.
2026-05-09 23:50:58,563 [INFO] Matchmaking: x vs y (Pokój: 69Q9R)
2026-05-09 23:51:02,500 [INFO] Gracz y w pokoju 69Q9R jest gotowy.
2026-05-09 23:51:05,204 [INFO] Gracz x w pokoju 69Q9R jest gotowy.
2026-05-09 23:51:05,204 [INFO] Pokój 69Q9R: Obaj gracze gotowi. Start bitwy!
2026-05-09 23:54:19,766 [INFO] Zamykanie połączenia: x (4).
2026-05-09 23:54:20,353 [INFO] Zamykanie połączenia: y (5).
2026-05-10 00:03:27,696 [INFO] Gracz 6 połączył się z serwerem.
2026-05-10 00:03:27,731 [INFO] Gracz 'y' (ID: 6) wszedł do gry.
2026-05-10 00:03:27,731 [INFO] Gracz y szuka losowej gry...
2026-05-10 00:03:29,362 [INFO] Gracz 7 połączył się z serwerem.
2026-05-10 00:03:29,404 [INFO] Gracz 'x' (ID: 7) wszedł do gry.
2026-05-10 00:03:29,404 [INFO] Matchmaking: y vs x (Pokój: FSCB6)
2026-05-10 00:03:31,800 [INFO] Gracz x w pokoju FSCB6 jest gotowy.
2026-05-10 00:03:33,876 [INFO] Gracz y w pokoju FSCB6 jest gotowy.
2026-05-10 00:03:33,876 [INFO] Pokój FSCB6: Obaj gracze gotowi. Start bitwy!
2026-05-10 00:03:53,445 [INFO] Zamykanie połączenia: y (6).
2026-05-10 00:03:54,245 [INFO] Zamykanie połączenia: x (7).
2026-05-10 00:05:39,363 [INFO] Gracz 8 połączył się z serwerem.
2026-05-10 00:05:39,501 [INFO] Gracz 'x' (ID: 8) wszedł do gry.
2026-05-10 00:05:39,502 [INFO] Gracz x szuka losowej gry...
2026-05-10 00:05:44,370 [INFO] Gracz 9 połączył się z serwerem.
2026-05-10 00:05:44,409 [INFO] Gracz 'z' (ID: 9) wszedł do gry.
2026-05-10 00:05:44,409 [INFO] Matchmaking: x vs z (Pokój: N4Q2D)
2026-05-10 00:05:46,583 [INFO] Gracz z w pokoju N4Q2D jest gotowy.
2026-05-10 00:05:48,982 [INFO] Gracz x w pokoju N4Q2D jest gotowy.
2026-05-10 00:05:48,982 [INFO] Pokój N4Q2D: Obaj gracze gotowi. Start bitwy!
2026-05-10 00:06:57,859 [INFO] Zamykanie połączenia: x (8).
2026-05-10 00:06:58,884 [INFO] Zamykanie połączenia: z (9).
2026-05-10 00:41:12,414 [INFO] Gracz 10 połączył się z serwerem.
2026-05-10 00:41:12,549 [INFO] Gracz 'y' (ID: 10) wszedł do gry.
2026-05-10 00:41:12,550 [INFO] Gracz y szuka losowej gry...
2026-05-10 00:41:14,630 [INFO] Gracz 11 połączył się z serwerem.
2026-05-10 00:41:14,664 [INFO] Gracz 'x' (ID: 11) wszedł do gry.
2026-05-10 00:41:14,664 [INFO] Matchmaking: y vs x (Pokój: 2EB6U)
2026-05-10 00:41:17,447 [INFO] Gracz x w pokoju 2EB6U jest gotowy.
2026-05-10 00:41:20,974 [INFO] Gracz y w pokoju 2EB6U jest gotowy.
2026-05-10 00:41:20,974 [INFO] Pokój 2EB6U: Obaj gracze gotowi. Start bitwy!
2026-05-10 00:43:20,028 [INFO] Zamykanie połączenia: x (11).
2026-05-10 00:43:20,535 [INFO] Zamykanie połączenia: y (10).
2026-05-10 00:49:51,424 [INFO] Gracz 12 połączył się z serwerem.
2026-05-10 00:49:51,458 [INFO] Gracz 'x' (ID: 12) wszedł do gry.
2026-05-10 00:49:51,459 [INFO] Gracz x szuka losowej gry...
2026-05-10 00:49:55,430 [INFO] Gracz 13 połączył się z serwerem.
2026-05-10 00:49:55,467 [INFO] Gracz 'd' (ID: 13) wszedł do gry.
2026-05-10 00:49:55,468 [INFO] Matchmaking: x vs d (Pokój: J81Z8)
2026-05-10 00:49:57,643 [INFO] Gracz d w pokoju J81Z8 jest gotowy.
2026-05-10 00:49:59,814 [INFO] Gracz x w pokoju J81Z8 jest gotowy.
2026-05-10 00:49:59,814 [INFO] Pokój J81Z8: Obaj gracze gotowi. Start bitwy!
2026-05-10 00:55:40,249 [INFO] Zamykanie połączenia: x (12).
2026-05-10 00:55:41,572 [INFO] Zamykanie połączenia: d (13).
2026-05-10 00:55:55,528 [INFO] Gracz 14 połączył się z serwerem.
2026-05-10 00:55:55,561 [INFO] Gracz 'z' (ID: 14) wszedł do gry.
2026-05-10 00:55:55,561 [INFO] Gracz z szuka losowej gry...
2026-05-10 00:56:01,563 [INFO] Gracz 15 połączył się z serwerem.
2026-05-10 00:56:01,597 [INFO] Gracz 'y' (ID: 15) wszedł do gry.
2026-05-10 00:56:01,597 [INFO] Matchmaking: z vs y (Pokój: 2H4RY)
2026-05-10 00:56:03,890 [INFO] Gracz y w pokoju 2H4RY jest gotowy.
2026-05-10 00:56:06,558 [INFO] Gracz z w pokoju 2H4RY jest gotowy.
2026-05-10 00:56:06,558 [INFO] Pokój 2H4RY: Obaj gracze gotowi. Start bitwy!
2026-05-10 00:56:49,748 [INFO] Zamykanie połączenia: y (15).
2026-05-10 00:56:50,316 [INFO] Zamykanie połączenia: z (14).
2026-05-10 20:52:20,819 [INFO] Serwer uruchomiony (Port: 5555).
2026-05-10 20:52:20,889 [INFO] Pomyślnie połączono z bazą PostgreSQL.
2026-05-10 20:58:24,261 [INFO] Serwer uruchomiony (Port: 5555).
2026-05-10 20:58:24,302 [INFO] Pomyślnie połączono z bazą PostgreSQL.
2026-05-10 20:58:40,403 [INFO] Gracz 0 połączył się z serwerem.
2026-05-10 20:59:05,916 [INFO] Zarejestrowano nowego gracza: test
2026-05-10 20:59:09,298 [INFO] Gracz 'test' (DB ID: 1) zalogował się pomyślnie.
2026-05-10 20:59:09,298 [INFO] Zamykanie połączenia: test (0).
2026-05-10 20:59:11,055 [INFO] Gracz 1 połączył się z serwerem.
2026-05-10 20:59:11,090 [INFO] Gracz 'test' (ID: 1) wszedł do gry.
2026-05-10 20:59:11,090 [INFO] Gracz test szuka losowej gry...
2026-05-10 20:59:25,201 [INFO] Gracz 2 połączył się z serwerem.
2026-05-10 20:59:56,673 [INFO] Zarejestrowano nowego gracza: test1
2026-05-10 20:59:58,435 [INFO] Gracz 'test1' (DB ID: 3) zalogował się pomyślnie.
2026-05-10 20:59:58,436 [INFO] Zamykanie połączenia: test1 (2).
2026-05-10 20:59:59,150 [INFO] Gracz 3 połączył się z serwerem.
2026-05-10 20:59:59,201 [INFO] Gracz 'test1' (ID: 3) wszedł do gry.
2026-05-10 20:59:59,202 [INFO] Matchmaking: test vs test1 (Pokój: TBJGE)
2026-05-10 21:00:05,227 [INFO] Gracz test1 w pokoju TBJGE jest gotowy.
2026-05-10 21:00:15,252 [INFO] Gracz test w pokoju TBJGE jest gotowy.
2026-05-10 21:00:15,252 [INFO] Pokój TBJGE: Obaj gracze gotowi. Start bitwy!
2026-05-10 21:00:49,700 [INFO] Zamykanie połączenia: test (1).
2026-05-10 21:00:50,557 [INFO] Zamykanie połączenia: test1 (3).
2026-05-10 22:21:30,392 [INFO] Serwer uruchomiony (Port: 5555).
2026-05-10 22:21:30,492 [INFO] Pomyślnie połączono z bazą PostgreSQL.
2026-05-10 22:22:13,692 [INFO] Serwer uruchomiony (Port: 5555).
2026-05-10 22:22:13,746 [INFO] Pomyślnie połączono z bazą PostgreSQL.
2026-05-10 22:22:17,282 [INFO] Gracz 0 połączył się z serwerem.
2026-05-10 22:22:45,042 [INFO] Zarejestrowano nowego gracza: Wiktor
2026-05-10 22:22:47,335 [INFO] Gracz 'Wiktor' (DB ID: 4) zalogował się pomyślnie.
2026-05-10 22:22:47,335 [INFO] Zamykanie połączenia: Wiktor (0).
2026-05-10 22:22:49,413 [INFO] Gracz 1 połączył się z serwerem.
2026-05-10 22:23:16,167 [INFO] Gracz 'Wiktor' (DB ID: 4) zalogował się pomyślnie.
2026-05-10 22:23:16,167 [INFO] Zamykanie połączenia: Wiktor (1).
2026-05-10 22:23:18,985 [INFO] Gracz 2 połączył się z serwerem.
2026-05-10 22:23:27,352 [INFO] Gracz 'Wiktor' (DB ID: 4) zalogował się pomyślnie.
2026-05-10 22:23:27,353 [INFO] Zamykanie połączenia: Wiktor (2).
2026-05-10 22:23:27,890 [INFO] Gracz 3 połączył się z serwerem.
2026-05-10 22:23:27,939 [INFO] Gracz 'Wiktor' (ID: 3) wszedł do gry.
2026-05-10 22:23:27,939 [INFO] Gracz Wiktor szuka losowej gry...
2026-05-10 22:23:58,432 [INFO] Gracz 4 połączył się z serwerem.
2026-05-10 22:24:12,497 [INFO] Zarejestrowano nowego gracza: Wiktor2
2026-05-10 22:24:16,608 [INFO] Gracz 'Wiktor' (DB ID: 4) zalogował się pomyślnie.
2026-05-10 22:24:16,609 [INFO] Zamykanie połączenia: Wiktor (4).
2026-05-10 22:24:17,487 [INFO] Gracz 5 połączył się z serwerem.
2026-05-10 22:24:17,530 [INFO] Gracz 'Wiktor' (ID: 5) wszedł do gry.
2026-05-10 22:24:17,531 [INFO] Matchmaking: Wiktor vs Wiktor (Pokój: 2QEUV)
2026-05-10 22:24:26,777 [INFO] Zamykanie połączenia: Wiktor (3).
2026-05-10 22:24:30,976 [INFO] Gracz 6 połączył się z serwerem.
2026-05-10 22:24:40,675 [INFO] Gracz 'Wiktor' (DB ID: 4) zalogował się pomyślnie.
2026-05-10 22:24:40,676 [INFO] Zamykanie połączenia: Wiktor (6).
2026-05-10 22:24:41,729 [INFO] Gracz 7 połączył się z serwerem.
2026-05-10 22:24:41,787 [INFO] Gracz 'Wiktor' (ID: 7) wszedł do gry.
2026-05-10 22:24:41,788 [INFO] Gracz Wiktor szuka losowej gry...
2026-05-10 22:24:45,437 [INFO] Gracz 8 połączył się z serwerem.
2026-05-10 22:24:52,771 [INFO] Gracz 'Wiktor' (DB ID: 4) zalogował się pomyślnie.
2026-05-10 22:24:52,771 [INFO] Zamykanie połączenia: Wiktor (8).
2026-05-10 22:24:55,229 [INFO] Gracz 9 połączył się z serwerem.
2026-05-10 22:24:55,375 [INFO] Zamykanie połączenia: Wiktor (5).
2026-05-10 22:24:55,375 [INFO] Gracz 'Wiktor' (ID: 9) wszedł do gry.
2026-05-10 22:24:55,376 [INFO] Matchmaking: Wiktor vs Wiktor (Pokój: V1E3P)
2026-05-10 22:26:03,751 [INFO] Zamykanie połączenia: Wiktor (7).
2026-05-10 22:26:03,763 [INFO] Zamykanie połączenia: Wiktor (9).
2026-05-10 22:30:45,206 [INFO] Serwer uruchomiony (Port: 5555).
2026-05-10 22:30:45,251 [INFO] Pomyślnie połączono z bazą PostgreSQL.
2026-05-10 22:30:50,479 [INFO] Gracz 0 połączył się z serwerem.
2026-05-10 22:31:30,893 [INFO] Zamykanie połączenia: Nieznajomy_0 (0).
2026-05-10 22:31:44,147 [INFO] Serwer uruchomiony (Port: 5555).
2026-05-10 22:31:44,190 [INFO] Pomyślnie połączono z bazą PostgreSQL.
2026-05-10 22:32:15,614 [INFO] Gracz 0 połączył się z serwerem.
2026-05-10 22:32:40,621 [INFO] Gracz 'Wiktor' (DB ID: 4) zalogował się pomyślnie.
2026-05-10 22:32:40,622 [INFO] Zamykanie połączenia: Wiktor (0).
2026-05-10 22:32:41,473 [INFO] Gracz 1 połączył się z serwerem.
2026-05-10 22:32:41,514 [INFO] Gracz 'Wiktor' (ID: 1) wszedł do gry.
2026-05-10 22:32:41,515 [INFO] Gracz Wiktor szuka losowej gry...
2026-05-10 22:32:44,456 [INFO] Gracz 2 połączył się z serwerem.
2026-05-10 22:32:53,600 [INFO] Gracz 'Wiktor' (DB ID: 4) zalogował się pomyślnie.
2026-05-10 22:32:53,601 [INFO] Zamykanie połączenia: Wiktor (2).
2026-05-10 22:32:55,388 [INFO] Gracz 3 połączył się z serwerem.
2026-05-10 22:32:55,536 [INFO] Gracz 'Wiktor' (ID: 3) wszedł do gry.
2026-05-10 22:32:55,536 [INFO] Matchmaking: Wiktor vs Wiktor (Pokój: RJABF)
2026-05-10 22:33:02,057 [INFO] Gracz Wiktor w pokoju RJABF jest gotowy.
2026-05-10 22:33:11,370 [INFO] Gracz Wiktor w pokoju RJABF jest gotowy.
2026-05-10 22:33:11,370 [INFO] Pokój RJABF: Obaj gracze gotowi. Start bitwy!
2026-05-10 22:33:21,060 [INFO] Gracz 4 połączył się z serwerem.
2026-05-10 22:33:21,954 [INFO] Zamykanie połączenia: Nieznajomy_4 (4).
2026-05-10 22:33:24,516 [INFO] Gracz 5 połączył się z serwerem.
2026-05-10 22:33:25,167 [INFO] Zamykanie połączenia: Nieznajomy_5 (5).
2026-05-10 22:33:39,499 [INFO] Gracz 6 połączył się z serwerem.
2026-05-10 22:33:47,829 [INFO] Gracz 'Wiktor' (DB ID: 4) zalogował się pomyślnie.
2026-05-10 22:33:47,830 [INFO] Zamykanie połączenia: Wiktor (6).
2026-05-10 22:33:48,444 [INFO] Gracz 7 połączył się z serwerem.
2026-05-10 22:33:48,599 [INFO] Zamykanie połączenia: Wiktor (3).
2026-05-10 22:33:48,599 [INFO] Gracz 'Wiktor' (ID: 7) wszedł do gry.
2026-05-10 22:33:48,599 [INFO] Gracz Wiktor szuka losowej gry...
2026-05-10 22:33:51,171 [INFO] Gracz 8 połączył się z serwerem.
2026-05-10 22:34:03,359 [INFO] Gracz 'Wiktor' (DB ID: 4) zalogował się pomyślnie.
2026-05-10 22:34:03,360 [INFO] Zamykanie połączenia: Wiktor (8).
2026-05-10 22:34:03,949 [INFO] Gracz 9 połączył się z serwerem.
2026-05-10 22:34:03,997 [ERROR] Błąd gracza Wiktor (1): [WinError 10054] Istniejące połączenie zostało gwałtownie zamknięte przez zdalnego hosta
2026-05-10 22:34:03,997 [INFO] Gracz 'Wiktor' (ID: 9) wszedł do gry.
2026-05-10 22:34:03,997 [INFO] Zamykanie połączenia: Wiktor (1).
2026-05-10 22:34:03,997 [INFO] Matchmaking: Wiktor vs Wiktor (Pokój: H7NJS)
2026-05-10 22:34:10,166 [INFO] Gracz Wiktor w pokoju H7NJS jest gotowy.
2026-05-10 22:34:16,346 [INFO] Gracz Wiktor w pokoju H7NJS jest gotowy.
2026-05-10 22:34:16,347 [INFO] Pokój H7NJS: Obaj gracze gotowi. Start bitwy!
2026-05-10 22:35:18,387 [INFO] Zamykanie połączenia: Wiktor (9).
2026-05-10 22:35:19,484 [INFO] Zamykanie połączenia: Wiktor (7).
2026-05-10 22:44:31,165 [INFO] Serwer uruchomiony (Port: 5555).
2026-05-10 22:44:31,212 [INFO] Pomyślnie połączono z bazą PostgreSQL.
2026-05-10 22:44:34,523 [INFO] Klient 0 połączył się z serwerem (oczekiwanie na logowanie).
2026-05-10 22:44:34,534 [INFO] Klient 1 połączył się z serwerem (oczekiwanie na logowanie).
2026-05-10 22:44:47,643 [INFO] Gracz 'Wiktor' (DB ID: 4) zalogował się pomyślnie.
2026-05-10 22:44:51,923 [INFO] Gracz Wiktor szuka losowej gry...
2026-05-10 22:45:04,278 [INFO] Gracz 'Wiktor2' (DB ID: 6) zalogował się pomyślnie.
2026-05-10 22:45:05,891 [INFO] Matchmaking: Wiktor vs Wiktor2 (Pokój: GN4K9)
2026-05-10 22:45:08,959 [INFO] Gracz Wiktor2 w pokoju GN4K9 jest gotowy.
2026-05-10 22:45:11,976 [INFO] Gracz Wiktor w pokoju GN4K9 jest gotowy.
2026-05-10 22:45:11,976 [INFO] Pokój GN4K9: Obaj gracze gotowi. Start bitwy!
2026-05-10 22:45:52,159 [INFO] Zamykanie połączenia: Klient 0.
2026-05-10 22:45:52,935 [INFO] Zamykanie połączenia: Klient 1.
2026-05-10 22:45:58,234 [INFO] Serwer uruchomiony (Port: 5555).
2026-05-10 22:45:58,280 [INFO] Pomyślnie połączono z bazą PostgreSQL.
2026-05-10 22:46:01,600 [INFO] Klient 0 połączył się z serwerem (oczekiwanie na logowanie).
2026-05-10 22:46:01,607 [INFO] Klient 1 połączył się z serwerem (oczekiwanie na logowanie).
2026-05-10 22:46:09,770 [INFO] Gracz 'Wiktor' (DB ID: 4) zalogował się pomyślnie.
2026-05-10 22:46:11,389 [INFO] Zamykanie połączenia: Klient 1.
2026-05-10 22:46:12,127 [INFO] Zamykanie połączenia: Klient 0.
2026-05-20 17:41:54,520 [INFO] Serwer uruchomiony (Port: 5555).
2026-05-20 17:41:54,560 [ERROR] Nie można połączyć z bazą danych: connection to server at "localhost" (127.0.0.1), port 5432 failed: fe_sendauth: no password supplied

2026-05-20 17:41:54,561 [WARNING] Brak połączenia z bazą! Opcje bazodanowe będą niedostępne.
2026-05-20 17:42:52,496 [INFO] Serwer uruchomiony (Port: 5555).
2026-05-20 17:42:52,533 [ERROR] Nie można połączyć z bazą danych: connection to server at "localhost" (127.0.0.1), port 5432 failed: fe_sendauth: no password supplied

2026-05-20 17:42:52,534 [WARNING] Brak połączenia z bazą! Opcje bazodanowe będą niedostępne.
2026-05-20 17:43:28,705 [INFO] Serwer uruchomiony (Port: 5555).
2026-05-20 17:43:28,750 [ERROR] Nie można połączyć z bazą danych: connection to server at "localhost" (127.0.0.1), port 5432 failed: fe_sendauth: no password supplied

2026-05-20 17:43:28,750 [WARNING] Brak połączenia z bazą! Opcje bazodanowe będą niedostępne.
2026-05-20 17:48:19,715 [INFO] Serwer uruchomiony (Port: 5555).
2026-05-20 17:48:19,772 [ERROR] Nie można połączyć z bazą danych: connection to server at "localhost" (127.0.0.1), port 5432 failed: fe_sendauth: no password supplied

2026-05-20 17:48:19,772 [WARNING] Brak połączenia z bazą! Opcje bazodanowe będą niedostępne.
2026-05-20 17:48:41,497 [INFO] Serwer uruchomiony (Port: 5555).
2026-05-20 17:48:41,636 [ERROR] Nie można połączyć z bazą danych: connection to server at "localhost" (127.0.0.1), port 5432 failed: fe_sendauth: no password supplied

2026-05-20 17:48:41,636 [WARNING] Brak połączenia z bazą! Opcje bazodanowe będą niedostępne.
2026-05-20 17:48:45,588 [INFO] Klient 0 połączył się z serwerem (oczekiwanie na logowanie).
2026-05-20 17:48:45,588 [INFO] Klient 1 połączył się z serwerem (oczekiwanie na logowanie).
2026-05-20 17:48:45,629 [ERROR] Nie można połączyć z bazą danych: connection to server at "localhost" (127.0.0.1), port 5432 failed: fe_sendauth: no password supplied

2026-05-20 17:48:45,631 [ERROR] Nie można połączyć z bazą danych: connection to server at "localhost" (127.0.0.1), port 5432 failed: fe_sendauth: no password supplied

2026-05-20 17:48:49,137 [INFO] Zamykanie połączenia: Klient 0.
2026-05-20 17:48:50,309 [INFO] Zamykanie połączenia: Klient 1.
2026-05-20 17:50:17,594 [INFO] Serwer uruchomiony (Port: 5555).
2026-05-20 17:50:17,645 [INFO] Pomyślnie połączono z bazą PostgreSQL.
2026-05-20 17:50:21,371 [INFO] Klient 0 połączył się z serwerem (oczekiwanie na logowanie).
2026-05-20 17:50:21,389 [INFO] Klient 1 połączył się z serwerem (oczekiwanie na logowanie).
2026-05-20 17:51:02,098 [INFO] Zamykanie połączenia: Klient 1.
2026-05-20 17:51:26,111 [INFO] Zamykanie połączenia: Klient 0.
2026-05-20 17:56:58,856 [INFO] Serwer uruchomiony (Port: 5555).
2026-05-20 17:56:58,896 [INFO] Pomyślnie połączono z bazą PostgreSQL.
2026-05-20 17:57:02,628 [INFO] Klient 0 połączył się z serwerem (oczekiwanie na logowanie).
2026-05-20 17:57:02,629 [INFO] Klient 1 połączył się z serwerem (oczekiwanie na logowanie).
2026-05-20 17:58:30,963 [INFO] Zarejestrowano nowego gracza: chujchuj123
2026-05-20 17:58:32,861 [INFO] Gracz 'chujchuj123' (DB ID: 3) zalogował się pomyślnie.
2026-05-20 18:00:24,448 [INFO] Zamykanie połączenia: Klient 1.
2026-05-20 18:00:25,633 [INFO] Zamykanie połączenia: Klient 0.
2026-05-20 18:03:16,141 [INFO] Serwer uruchomiony (Port: 5555).
2026-05-20 18:03:16,187 [INFO] Pomyślnie połączono z bazą PostgreSQL.
2026-05-20 18:03:19,901 [INFO] Klient 0 połączył się z serwerem (oczekiwanie na logowanie).
2026-05-20 18:03:19,901 [INFO] Klient 1 połączył się z serwerem (oczekiwanie na logowanie).
2026-05-20 18:03:30,049 [INFO] Gracz 'chujchuj123' (DB ID: 3) zalogował się pomyślnie.
2026-05-20 18:06:34,255 [INFO] Zamykanie połączenia: Klient 0.
2026-05-20 18:07:24,107 [INFO] Zamykanie połączenia: Klient 1.
2026-05-20 18:07:45,227 [INFO] Serwer uruchomiony (Port: 5555).
2026-05-20 18:07:45,272 [INFO] Pomyślnie połączono z bazą PostgreSQL.
2026-05-20 18:07:48,985 [INFO] Klient 0 połączył się z serwerem (oczekiwanie na logowanie).
2026-05-20 18:07:48,989 [INFO] Klient 1 połączył się z serwerem (oczekiwanie na logowanie).
2026-05-20 18:08:00,571 [INFO] Gracz 'chujchuj123' (DB ID: 3) zalogował się pomyślnie.
2026-05-20 18:10:14,731 [INFO] Zamykanie połączenia: Klient 0.
2026-05-20 18:10:18,390 [INFO] Zamykanie połączenia: Klient 1.
2026-05-20 18:11:22,682 [INFO] Serwer uruchomiony (Port: 5555).
2026-05-20 18:11:22,731 [INFO] Pomyślnie połączono z bazą PostgreSQL.
2026-05-20 18:11:26,439 [INFO] Klient 0 połączył się z serwerem (oczekiwanie na logowanie).
2026-05-20 18:11:26,440 [INFO] Klient 1 połączył się z serwerem (oczekiwanie na logowanie).
2026-05-20 18:11:39,851 [INFO] Gracz 'chujchuj123' (DB ID: 3) zalogował się pomyślnie.
2026-05-20 18:13:22,776 [INFO] Zamykanie połączenia: Klient 0.
2026-05-20 18:13:28,503 [INFO] Zamykanie połączenia: Klient 1.
2026-05-20 18:13:47,683 [INFO] Serwer uruchomiony (Port: 5555).
2026-05-20 18:13:47,743 [INFO] Pomyślnie połączono z bazą PostgreSQL.
2026-05-20 18:13:51,450 [INFO] Klient 0 połączył się z serwerem (oczekiwanie na logowanie).
2026-05-20 18:13:51,466 [INFO] Klient 1 połączył się z serwerem (oczekiwanie na logowanie).
2026-05-20 18:14:03,940 [INFO] Gracz 'chujchuj123' (DB ID: 3) zalogował się pomyślnie.
2026-05-20 18:16:38,172 [INFO] Zamykanie połączenia: Klient 0.
2026-05-20 18:17:15,185 [INFO] Gracz 'chujchuj123' (DB ID: 3) zalogował się pomyślnie.
2026-05-20 18:17:19,785 [INFO] Zamykanie połączenia: Klient 1.
2026-05-20 18:17:24,803 [INFO] Serwer uruchomiony (Port: 5555).
2026-05-20 18:17:24,851 [INFO] Pomyślnie połączono z bazą PostgreSQL.
2026-05-20 18:17:28,684 [INFO] Klient 0 połączył się z serwerem (oczekiwanie na logowanie).
2026-05-20 18:17:28,685 [INFO] Klient 1 połączył się z serwerem (oczekiwanie na logowanie).
2026-05-20 18:17:40,691 [INFO] Gracz 'chujchuj123' (DB ID: 3) zalogował się pomyślnie.
2026-05-20 18:18:41,613 [INFO] Zamykanie połączenia: Klient 1.
2026-05-20 18:18:48,926 [INFO] Zamykanie połączenia: Klient 0.
2026-05-20 18:19:14,045 [INFO] Serwer uruchomiony (Port: 5555).
2026-05-20 18:19:14,094 [INFO] Pomyślnie połączono z bazą PostgreSQL.
2026-05-20 18:19:17,740 [INFO] Klient 0 połączył się z serwerem (oczekiwanie na logowanie).
2026-05-20 18:19:17,742 [INFO] Klient 1 połączył się z serwerem (oczekiwanie na logowanie).
2026-05-20 18:19:55,491 [INFO] Gracz 'chujchuj123' (DB ID: 3) zalogował się pomyślnie.
2026-05-20 18:20:08,975 [INFO] Zamykanie połączenia: Klient 0.
2026-05-20 18:22:15,743 [INFO] Gracz 'chujchuj123' (DB ID: 3) zalogował się pomyślnie.
2026-05-20 18:24:32,287 [INFO] Zamykanie połączenia: Klient 1.
2026-05-20 18:25:12,523 [INFO] Serwer uruchomiony (Port: 5555).
2026-05-20 18:25:12,569 [INFO] Pomyślnie połączono z bazą PostgreSQL.
2026-05-20 18:25:16,349 [INFO] Klient 0 połączył się z serwerem (oczekiwanie na logowanie).
2026-05-20 18:25:16,378 [INFO] Klient 1 połączył się z serwerem (oczekiwanie na logowanie).
2026-05-20 18:25:30,841 [INFO] Gracz 'chujchuj123' (DB ID: 3) zalogował się pomyślnie.
2026-05-20 18:27:39,052 [INFO] Zamykanie połączenia: Klient 1.
2026-05-20 18:27:41,269 [INFO] Zamykanie połączenia: Klient 0.
2026-05-20 21:15:07,509 [INFO] Serwer uruchomiony (Port: 5555).
2026-05-20 21:15:08,078 [INFO] Pomyślnie połączono z bazą PostgreSQL.
2026-05-20 21:15:12,594 [INFO] Klient 0 połączył się z serwerem (oczekiwanie na logowanie).
2026-05-20 21:15:12,595 [INFO] Klient 1 połączył się z serwerem (oczekiwanie na logowanie).
2026-05-20 21:15:44,146 [INFO] Gracz 'chujchuj123' (DB ID: 3) zalogował się pomyślnie.
2026-05-20 21:15:51,212 [INFO] Gracz chujchuj123 szuka losowej gry...
2026-05-20 21:16:07,655 [INFO] Zarejestrowano nowego gracza: chujchuj321
2026-05-20 21:16:08,246 [INFO] Gracz 'chujchuj321' (DB ID: 104) zalogował się pomyślnie.
2026-05-20 21:16:09,657 [INFO] Matchmaking: chujchuj123 vs chujchuj321 (Pokój: VJ0AJ)
2026-05-20 21:16:52,941 [INFO] Gracz chujchuj321 w pokoju VJ0AJ jest gotowy.
2026-05-20 21:16:56,975 [INFO] Gracz chujchuj123 w pokoju VJ0AJ jest gotowy.
2026-05-20 21:16:56,975 [INFO] Pokój VJ0AJ: Obaj gracze gotowi. Start bitwy!
2026-05-20 21:29:22,953 [INFO] Gracz chujchuj321 szuka losowej gry...
2026-05-20 21:29:29,220 [INFO] Zamykanie połączenia: Klient 0.
2026-05-20 21:29:30,293 [INFO] Zamykanie połączenia: Klient 1.
2026-05-20 21:29:36,274 [INFO] Serwer uruchomiony (Port: 5555).
2026-05-20 21:29:36,319 [INFO] Pomyślnie połączono z bazą PostgreSQL.
2026-05-20 21:29:39,933 [INFO] Klient 0 połączył się z serwerem (oczekiwanie na logowanie).
2026-05-20 21:29:39,946 [INFO] Klient 1 połączył się z serwerem (oczekiwanie na logowanie).
2026-05-20 21:29:58,540 [INFO] Gracz 'chujchuj123' (DB ID: 3) zalogował się pomyślnie.
2026-05-20 21:30:12,049 [INFO] Gracz 'chujchuj321' (DB ID: 104) zalogował się pomyślnie.
2026-05-20 21:30:13,471 [INFO] Gracz chujchuj321 szuka losowej gry...
2026-05-20 21:30:15,771 [INFO] Matchmaking: chujchuj321 vs chujchuj123 (Pokój: ZNZMV)
2026-05-20 21:30:19,176 [INFO] Gracz chujchuj123 w pokoju ZNZMV jest gotowy.
2026-05-20 21:30:21,605 [INFO] Gracz chujchuj321 w pokoju ZNZMV jest gotowy.
2026-05-20 21:30:21,605 [INFO] Pokój ZNZMV: Obaj gracze gotowi. Start bitwy!
2026-05-20 21:33:28,200 [INFO] Zamykanie połączenia: Klient 0.
2026-05-20 21:33:28,205 [ERROR] Błąd połączenia klienta (ID:1): [WinError 10054] Istniejące połączenie zostało gwałtownie zamknięte przez zdalnego hosta
2026-05-20 21:33:28,205 [INFO] Zamykanie połączenia: Klient 1.
2026-05-20 21:35:05,066 [INFO] Serwer uruchomiony (Port: 5555).
2026-05-20 21:35:05,108 [INFO] Pomyślnie połączono z bazą PostgreSQL.
2026-05-20 21:35:08,783 [INFO] Klient 0 połączył się z serwerem (oczekiwanie na logowanie).
2026-05-20 21:35:08,787 [INFO] Klient 1 połączył się z serwerem (oczekiwanie na logowanie).
2026-05-20 21:35:18,851 [INFO] Gracz 'chujchuj123' (DB ID: 3) zalogował się pomyślnie.
2026-05-20 21:35:20,173 [INFO] Gracz chujchuj123 szuka losowej gry...
2026-05-20 21:35:34,695 [INFO] Gracz 'chujchuj321' (DB ID: 104) zalogował się pomyślnie.
2026-05-20 21:35:35,711 [INFO] Matchmaking: chujchuj123 vs chujchuj321 (Pokój: SMIMU)
2026-05-20 21:35:38,283 [INFO] Gracz chujchuj321 w pokoju SMIMU jest gotowy.
2026-05-20 21:35:41,334 [INFO] Gracz chujchuj123 w pokoju SMIMU jest gotowy.
2026-05-20 21:35:41,334 [INFO] Pokój SMIMU: Obaj gracze gotowi. Start bitwy!
2026-05-20 21:35:58,492 [INFO] Zamykanie połączenia: Klient 0.
2026-05-20 21:35:58,492 [INFO] Zamykanie połączenia: Klient 1.
2026-05-20 21:38:25,380 [INFO] Serwer uruchomiony (Port: 5555).
2026-05-20 21:38:25,421 [INFO] Pomyślnie połączono z bazą PostgreSQL.
2026-05-20 21:38:29,064 [INFO] Klient 0 połączył się z serwerem (oczekiwanie na logowanie).
2026-05-20 21:38:29,067 [INFO] Klient 1 połączył się z serwerem (oczekiwanie na logowanie).
2026-05-20 21:38:37,145 [INFO] Gracz 'chujchuj123' (DB ID: 3) zalogował się pomyślnie.
2026-05-20 21:38:38,004 [INFO] Gracz chujchuj123 szuka losowej gry...
2026-05-20 21:38:49,339 [INFO] Gracz 'chujchuj321' (DB ID: 104) zalogował się pomyślnie.
2026-05-20 21:38:50,677 [INFO] Matchmaking: chujchuj123 vs chujchuj321 (Pokój: NSC42)
2026-05-20 21:38:52,678 [INFO] Gracz chujchuj321 w pokoju NSC42 jest gotowy.
2026-05-20 21:38:54,471 [INFO] Gracz chujchuj123 w pokoju NSC42 jest gotowy.
2026-05-20 21:38:54,471 [INFO] Pokój NSC42: Obaj gracze gotowi. Start bitwy!
2026-05-20 21:40:58,414 [INFO] Zamykanie połączenia: Klient 0.
2026-05-20 21:40:58,415 [ERROR] Błąd połączenia klienta (ID:1): [WinError 10054] Istniejące połączenie zostało gwałtownie zamknięte przez zdalnego hosta
2026-05-20 21:40:58,415 [INFO] Zamykanie połączenia: Klient 1.
2026-05-20 21:42:07,499 [INFO] Serwer uruchomiony (Port: 5555).
2026-05-20 21:42:07,543 [INFO] Pomyślnie połączono z bazą PostgreSQL.
2026-05-20 21:42:11,231 [INFO] Klient 0 połączył się z serwerem (oczekiwanie na logowanie).
2026-05-20 21:42:11,232 [INFO] Klient 1 połączył się z serwerem (oczekiwanie na logowanie).
2026-05-20 21:42:21,852 [INFO] Gracz 'chujchuj123' (DB ID: 3) zalogował się pomyślnie.
2026-05-20 21:42:39,559 [INFO] Gracz chujchuj123 szuka losowej gry...
2026-05-20 21:42:52,696 [INFO] Gracz 'chujchuj321' (DB ID: 104) zalogował się pomyślnie.
2026-05-20 21:42:53,713 [INFO] Matchmaking: chujchuj123 vs chujchuj321 (Pokój: 5XM3Q)
2026-05-20 21:42:56,730 [INFO] Gracz chujchuj321 w pokoju 5XM3Q jest gotowy.
2026-05-20 21:42:58,946 [INFO] Gracz chujchuj123 w pokoju 5XM3Q jest gotowy.
2026-05-20 21:42:58,946 [INFO] Pokój 5XM3Q: Obaj gracze gotowi. Start bitwy!
2026-05-20 21:44:10,483 [INFO] Zamykanie połączenia: Klient 1.
2026-05-20 21:44:31,256 [INFO] Zamykanie połączenia: Klient 0.
2026-05-20 21:45:28,532 [INFO] Serwer uruchomiony (Port: 5555).
2026-05-20 21:45:28,572 [INFO] Pomyślnie połączono z bazą PostgreSQL.
2026-05-20 21:45:32,301 [INFO] Klient 0 połączył się z serwerem (oczekiwanie na logowanie).
2026-05-20 21:45:32,312 [INFO] Klient 1 połączył się z serwerem (oczekiwanie na logowanie).
2026-05-20 21:45:44,225 [INFO] Gracz 'chujchuj123' (DB ID: 3) zalogował się pomyślnie.
2026-05-20 21:45:55,429 [INFO] Gracz 'chujchuj321' (DB ID: 104) zalogował się pomyślnie.
2026-05-20 21:45:56,075 [INFO] Gracz chujchuj321 szuka losowej gry...
2026-05-20 21:45:57,506 [INFO] Matchmaking: chujchuj321 vs chujchuj123 (Pokój: XFUTQ)
2026-05-20 21:45:59,395 [INFO] Gracz chujchuj123 w pokoju XFUTQ jest gotowy.
2026-05-20 21:46:01,631 [INFO] Gracz chujchuj321 w pokoju XFUTQ jest gotowy.
2026-05-20 21:46:01,632 [INFO] Pokój XFUTQ: Obaj gracze gotowi. Start bitwy!
2026-05-20 21:46:58,392 [INFO] Zamykanie połączenia: Klient 0.
2026-05-20 21:46:59,743 [INFO] Zamykanie połączenia: Klient 1.
2026-05-20 21:48:57,513 [CRITICAL] Błąd startu serwera: [WinError 10048] Tylko jedno użycie każdego adresu gniazda (protokół/adres sieciowy/port) jest normalnie dozwolone
2026-05-20 21:49:30,781 [CRITICAL] Błąd startu serwera: [WinError 10048] Tylko jedno użycie każdego adresu gniazda (protokół/adres sieciowy/port) jest normalnie dozwolone
2026-05-20 21:49:53,277 [INFO] Serwer uruchomiony (Port: 5555).
2026-05-20 21:49:53,317 [INFO] Pomyślnie połączono z bazą PostgreSQL.
2026-05-20 21:49:57,004 [INFO] Klient 0 połączył się z serwerem (oczekiwanie na logowanie).
2026-05-20 21:49:57,006 [INFO] Klient 1 połączył się z serwerem (oczekiwanie na logowanie).
2026-05-20 21:50:19,578 [INFO] Gracz 'chujchuj123' (DB ID: 3) zalogował się pomyślnie.
2026-05-20 21:50:20,575 [INFO] Gracz chujchuj123 szuka losowej gry...
2026-05-20 21:50:35,378 [INFO] Gracz 'chujchuj321' (DB ID: 104) zalogował się pomyślnie.
2026-05-20 21:50:36,206 [INFO] Matchmaking: chujchuj123 vs chujchuj321 (Pokój: OX7TD)
2026-05-20 21:50:38,393 [INFO] Gracz chujchuj321 w pokoju OX7TD jest gotowy.
2026-05-20 21:50:40,805 [INFO] Gracz chujchuj123 w pokoju OX7TD jest gotowy.
2026-05-20 21:50:40,805 [INFO] Pokój OX7TD: Obaj gracze gotowi. Start bitwy!
2026-05-20 21:51:52,333 [INFO] Zamykanie połączenia: Klient 0.
2026-05-20 21:51:52,338 [ERROR] Błąd połączenia klienta (ID:1): [WinError 10054] Istniejące połączenie zostało gwałtownie zamknięte przez zdalnego hosta
2026-05-20 21:51:52,338 [INFO] Zamykanie połączenia: Klient 1.
2026-05-20 21:51:57,489 [INFO] Serwer uruchomiony (Port: 5555).
2026-05-20 21:51:57,530 [INFO] Pomyślnie połączono z bazą PostgreSQL.
2026-05-20 21:52:01,337 [INFO] Klient 0 połączył się z serwerem (oczekiwanie na logowanie).
2026-05-20 21:52:01,337 [INFO] Klient 1 połączył się z serwerem (oczekiwanie na logowanie).
2026-05-20 21:52:14,636 [INFO] Gracz 'chujchuj123' (DB ID: 3) zalogował się pomyślnie.
2026-05-20 21:52:15,650 [INFO] Gracz chujchuj123 szuka losowej gry...
2026-05-20 21:52:27,892 [INFO] Gracz 'chujchuj321' (DB ID: 104) zalogował się pomyślnie.
2026-05-20 21:52:28,784 [INFO] Matchmaking: chujchuj123 vs chujchuj321 (Pokój: 1QXVT)
2026-05-20 21:52:30,627 [INFO] Gracz chujchuj321 w pokoju 1QXVT jest gotowy.
2026-05-20 21:52:32,817 [INFO] Gracz chujchuj123 w pokoju 1QXVT jest gotowy.
2026-05-20 21:52:32,817 [INFO] Pokój 1QXVT: Obaj gracze gotowi. Start bitwy!
2026-05-20 21:53:02,910 [INFO] Zamykanie połączenia: Klient 0.
2026-05-20 21:53:03,438 [INFO] Zamykanie połączenia: Klient 1.
2026-05-20 21:53:34,190 [INFO] Serwer uruchomiony (Port: 5555).
2026-05-20 21:53:34,229 [INFO] Pomyślnie połączono z bazą PostgreSQL.
2026-05-20 21:53:37,928 [INFO] Klient 0 połączył się z serwerem (oczekiwanie na logowanie).
2026-05-20 21:53:37,928 [INFO] Klient 1 połączył się z serwerem (oczekiwanie na logowanie).
2026-05-20 21:53:51,666 [INFO] Gracz 'chujchuj123' (DB ID: 3) zalogował się pomyślnie.
2026-05-20 21:53:52,275 [INFO] Gracz chujchuj123 szuka losowej gry...
2026-05-20 21:54:07,141 [INFO] Gracz 'chujchuj321' (DB ID: 104) zalogował się pomyślnie.
2026-05-20 21:54:07,897 [INFO] Matchmaking: chujchuj123 vs chujchuj321 (Pokój: S0DFH)
2026-05-20 21:54:09,769 [INFO] Gracz chujchuj321 w pokoju S0DFH jest gotowy.
2026-05-20 21:54:11,929 [INFO] Gracz chujchuj123 w pokoju S0DFH jest gotowy.
2026-05-20 21:54:11,929 [INFO] Pokój S0DFH: Obaj gracze gotowi. Start bitwy!
2026-05-20 21:54:30,054 [INFO] Zamykanie połączenia: Klient 0.
2026-05-20 21:54:30,578 [INFO] Zamykanie połączenia: Klient 1.
2026-05-20 21:54:43,896 [INFO] Serwer uruchomiony (Port: 5555).
2026-05-20 21:54:43,937 [INFO] Pomyślnie połączono z bazą PostgreSQL.
2026-05-20 21:54:47,706 [INFO] Klient 0 połączył się z serwerem (oczekiwanie na logowanie).
2026-05-20 21:54:47,710 [INFO] Klient 1 połączył się z serwerem (oczekiwanie na logowanie).
2026-05-20 21:54:57,055 [INFO] Gracz 'chujchuj123' (DB ID: 3) zalogował się pomyślnie.
2026-05-20 21:54:58,362 [INFO] Gracz chujchuj123 szuka losowej gry...
2026-05-20 21:55:09,547 [INFO] Gracz 'chujchuj321' (DB ID: 104) zalogował się pomyślnie.
2026-05-20 21:55:10,375 [INFO] Matchmaking: chujchuj123 vs chujchuj321 (Pokój: SZ0AH)
2026-05-20 21:55:12,089 [INFO] Gracz chujchuj321 w pokoju SZ0AH jest gotowy.
2026-05-20 21:55:16,006 [INFO] Gracz chujchuj123 w pokoju SZ0AH jest gotowy.
2026-05-20 21:55:16,006 [INFO] Pokój SZ0AH: Obaj gracze gotowi. Start bitwy!
2026-05-20 21:55:32,626 [INFO] Zamykanie połączenia: Klient 0.
2026-05-20 21:55:39,939 [INFO] Zamykanie połączenia: Klient 1.
2026-05-20 21:55:52,737 [INFO] Serwer uruchomiony (Port: 5555).
2026-05-20 21:55:52,776 [INFO] Pomyślnie połączono z bazą PostgreSQL.
2026-05-20 21:55:56,492 [INFO] Klient 0 połączył się z serwerem (oczekiwanie na logowanie).
2026-05-20 21:55:56,558 [INFO] Klient 1 połączył się z serwerem (oczekiwanie na logowanie).
2026-05-20 21:56:07,460 [INFO] Gracz 'chujchuj123' (DB ID: 3) zalogował się pomyślnie.
2026-05-20 21:56:08,299 [INFO] Gracz chujchuj123 szuka losowej gry...
2026-05-20 21:56:26,461 [INFO] Gracz 'chujchuj321' (DB ID: 104) zalogował się pomyślnie.
2026-05-20 21:56:27,286 [INFO] Matchmaking: chujchuj123 vs chujchuj321 (Pokój: PJPY6)
2026-05-20 21:56:28,944 [INFO] Gracz chujchuj321 w pokoju PJPY6 jest gotowy.
2026-05-20 21:56:31,539 [INFO] Gracz chujchuj123 w pokoju PJPY6 jest gotowy.
2026-05-20 21:56:31,540 [INFO] Pokój PJPY6: Obaj gracze gotowi. Start bitwy!
2026-05-20 21:57:26,179 [INFO] Zamykanie połączenia: Klient 0.
2026-05-20 21:57:26,639 [INFO] Zamykanie połączenia: Klient 1.
2026-05-20 22:01:57,151 [INFO] Serwer uruchomiony (Port: 5555).
2026-05-20 22:01:57,194 [INFO] Pomyślnie połączono z bazą PostgreSQL.
2026-05-20 22:02:00,818 [INFO] Klient 0 połączył się z serwerem (oczekiwanie na logowanie).
2026-05-20 22:02:00,819 [INFO] Klient 1 połączył się z serwerem (oczekiwanie na logowanie).
2026-05-20 22:02:09,716 [INFO] Gracz 'chujchuj123' (DB ID: 3) zalogował się pomyślnie.
2026-05-20 22:02:10,445 [INFO] Gracz chujchuj123 szuka losowej gry...
2026-05-20 22:02:19,117 [INFO] Gracz 'chujchuj321' (DB ID: 104) zalogował się pomyślnie.
2026-05-20 22:02:19,711 [INFO] Matchmaking: chujchuj123 vs chujchuj321 (Pokój: EZ2Q5)
2026-05-20 22:04:08,179 [INFO] Zamykanie połączenia: Klient 1.
2026-05-20 22:04:10,048 [ERROR] Błąd połączenia klienta (ID:0): [WinError 10054] Istniejące połączenie zostało gwałtownie zamknięte przez zdalnego hosta
2026-05-20 22:04:10,049 [INFO] Zamykanie połączenia: Klient 0.
2026-05-20 22:04:31,534 [INFO] Serwer uruchomiony (Port: 5555).
2026-05-20 22:04:31,574 [INFO] Pomyślnie połączono z bazą PostgreSQL.
2026-05-20 22:04:35,257 [INFO] Klient 0 połączył się z serwerem (oczekiwanie na logowanie).
2026-05-20 22:04:35,275 [INFO] Klient 1 połączył się z serwerem (oczekiwanie na logowanie).
2026-05-20 22:04:44,282 [INFO] Gracz 'chujchuj123' (DB ID: 3) zalogował się pomyślnie.
2026-05-20 22:04:45,239 [INFO] Gracz chujchuj123 szuka losowej gry...
2026-05-20 22:04:56,578 [INFO] Gracz 'chujchuj321' (DB ID: 104) zalogował się pomyślnie.
2026-05-20 22:04:57,586 [INFO] Matchmaking: chujchuj123 vs chujchuj321 (Pokój: H1O51)
2026-05-20 22:06:30,050 [INFO] Gracz chujchuj321 w pokoju H1O51 jest gotowy.
2026-05-20 22:06:32,442 [INFO] Gracz chujchuj123 w pokoju H1O51 jest gotowy.
2026-05-20 22:06:32,442 [INFO] Pokój H1O51: Obaj gracze gotowi. Start bitwy!
2026-05-20 22:06:38,382 [INFO] Zamykanie połączenia: Klient 1.
2026-05-20 22:06:39,017 [INFO] Zamykanie połączenia: Klient 0.
2026-05-20 22:09:01,187 [INFO] Serwer uruchomiony (Port: 5555).
2026-05-20 22:09:01,229 [INFO] Pomyślnie połączono z bazą PostgreSQL.
2026-05-20 22:09:04,846 [INFO] Klient 0 połączył się z serwerem (oczekiwanie na logowanie).
2026-05-20 22:09:04,851 [INFO] Klient 1 połączył się z serwerem (oczekiwanie na logowanie).
2026-05-20 22:09:15,165 [INFO] Gracz 'chujchuj123' (DB ID: 3) zalogował się pomyślnie.
2026-05-20 22:09:15,951 [INFO] Gracz chujchuj123 szuka losowej gry...
2026-05-20 22:09:28,626 [INFO] Gracz 'chujchuj321' (DB ID: 104) zalogował się pomyślnie.
2026-05-20 22:09:29,521 [INFO] Matchmaking: chujchuj123 vs chujchuj321 (Pokój: ZZ6Q5)
2026-05-20 22:09:45,279 [INFO] Gracz chujchuj321 w pokoju ZZ6Q5 jest gotowy.
2026-05-20 22:09:48,626 [INFO] Gracz chujchuj123 w pokoju ZZ6Q5 jest gotowy.
2026-05-20 22:09:48,626 [INFO] Pokój ZZ6Q5: Obaj gracze gotowi. Start bitwy!
2026-05-20 22:09:50,709 [INFO] Zamykanie połączenia: Klient 0.
2026-05-20 22:09:51,280 [INFO] Zamykanie połączenia: Klient 1.
2026-05-20 22:12:37,006 [INFO] Serwer uruchomiony (Port: 5555).
2026-05-20 22:12:37,046 [INFO] Pomyślnie połączono z bazą PostgreSQL.
2026-05-20 22:12:40,832 [INFO] Klient 0 połączył się z serwerem (oczekiwanie na logowanie).
2026-05-20 22:12:40,834 [INFO] Klient 1 połączył się z serwerem (oczekiwanie na logowanie).
2026-05-20 22:12:49,643 [INFO] Gracz 'chujchuj123' (DB ID: 3) zalogował się pomyślnie.
2026-05-20 22:12:50,365 [INFO] Gracz chujchuj123 szuka losowej gry...
2026-05-20 22:12:58,947 [INFO] Gracz 'chujchuj321' (DB ID: 104) zalogował się pomyślnie.
2026-05-20 22:12:59,723 [INFO] Matchmaking: chujchuj123 vs chujchuj321 (Pokój: 02XHO)
2026-05-20 22:13:24,585 [INFO] Zamykanie połączenia: Klient 1.
2026-05-20 22:13:25,856 [ERROR] Błąd połączenia klienta (ID:0): [WinError 10054] Istniejące połączenie zostało gwałtownie zamknięte przez zdalnego hosta
2026-05-20 22:13:25,856 [INFO] Zamykanie połączenia: Klient 0.
2026-05-20 22:29:00,389 [INFO] Serwer uruchomiony (Port: 5555).
2026-05-20 22:29:00,428 [INFO] Pomyślnie połączono z bazą PostgreSQL.
2026-05-20 22:29:04,091 [INFO] Klient 0 połączył się z serwerem (oczekiwanie na logowanie).
2026-05-20 22:29:04,092 [INFO] Klient 1 połączył się z serwerem (oczekiwanie na logowanie).
2026-05-20 22:29:20,878 [INFO] Gracz 'chujchuj123' (DB ID: 3) zalogował się pomyślnie.
2026-05-20 22:29:21,756 [INFO] Gracz chujchuj123 szuka losowej gry...
2026-05-20 22:29:35,484 [INFO] Gracz 'chujchuj321' (DB ID: 104) zalogował się pomyślnie.
2026-05-20 22:29:36,396 [INFO] Matchmaking: chujchuj123 vs chujchuj321 (Pokój: 771IT)
2026-05-20 22:29:52,576 [INFO] Gracz chujchuj321 w pokoju 771IT jest gotowy.
2026-05-20 22:29:56,435 [INFO] Gracz chujchuj123 w pokoju 771IT jest gotowy.
2026-05-20 22:29:56,435 [INFO] Pokój 771IT: Obaj gracze gotowi. Start bitwy!
2026-05-20 22:30:26,029 [INFO] Zamykanie połączenia: Klient 1.
2026-05-20 22:30:26,558 [INFO] Zamykanie połączenia: Klient 0.
2026-05-21 16:37:25,009 [INFO] Serwer uruchomiony (Port: 5555).
2026-05-21 16:37:25,554 [INFO] Pomyślnie połączono z bazą PostgreSQL.
2026-05-21 16:37:29,698 [INFO] Klient 0 połączył się z serwerem (oczekiwanie na logowanie).
2026-05-21 16:37:29,699 [INFO] Klient 1 połączył się z serwerem (oczekiwanie na logowanie).
2026-05-21 16:38:07,083 [INFO] Gracz 'chujchuj123' (DB ID: 3) zalogował się pomyślnie.
2026-05-21 16:38:08,058 [INFO] Gracz chujchuj123 szuka losowej gry...
2026-05-21 16:38:20,551 [INFO] Gracz 'chujchuj321' (DB ID: 104) zalogował się pomyślnie.
2026-05-21 16:38:21,357 [INFO] Matchmaking: chujchuj123 vs chujchuj321 (Pokój: C09NM)
2026-05-21 16:38:43,647 [INFO] Gracz chujchuj321 w pokoju C09NM jest gotowy.
2026-05-21 16:38:48,693 [INFO] Gracz chujchuj123 w pokoju C09NM jest gotowy.
2026-05-21 16:38:48,693 [INFO] Pokój C09NM: Obaj gracze gotowi. Start bitwy!
2026-05-21 16:41:43,389 [INFO] Zamykanie połączenia: Klient 0.
2026-05-21 16:41:44,411 [INFO] Zamykanie połączenia: Klient 1.
2026-05-21 18:19:15,234 [INFO] Serwer uruchomiony (Port: 5555).
2026-05-21 18:19:15,276 [INFO] Pomyślnie połączono z bazą PostgreSQL.
2026-05-21 18:19:19,821 [INFO] Klient 0 połączył się z serwerem (oczekiwanie na logowanie).
2026-05-21 18:19:19,821 [INFO] Klient 1 połączył się z serwerem (oczekiwanie na logowanie).
2026-05-21 18:19:38,407 [INFO] Gracz 'chujchuj123' (DB ID: 3) zalogował się pomyślnie.
2026-05-21 18:20:05,053 [INFO] Gracz chujchuj123 szuka losowej gry...
2026-05-21 18:20:14,682 [INFO] Gracz 'chujchuj321' (DB ID: 104) zalogował się pomyślnie.
2026-05-21 18:20:15,500 [INFO] Matchmaking: chujchuj123 vs chujchuj321 (Pokój: UG8U6)
2026-05-21 18:20:52,427 [INFO] Gracz chujchuj321 w pokoju UG8U6 jest gotowy.
2026-05-21 18:22:26,871 [INFO] Zamykanie połączenia: Klient 1.
2026-05-21 18:23:25,078 [INFO] Zamykanie połączenia: Klient 0.
2026-05-21 18:31:59,849 [INFO] Serwer uruchomiony (Port: 5555).
2026-05-21 18:31:59,887 [INFO] Pomyślnie połączono z bazą PostgreSQL.
2026-05-21 18:32:03,703 [INFO] Klient 0 połączył się z serwerem (oczekiwanie na logowanie).
2026-05-21 18:32:03,704 [INFO] Klient 1 połączył się z serwerem (oczekiwanie na logowanie).
2026-05-21 18:45:49,367 [INFO] Zamykanie połączenia: Klient 0.
2026-05-21 18:45:50,676 [INFO] Zamykanie połączenia: Klient 1.
2026-05-21 20:48:57,676 [INFO] Serwer uruchomiony (Port: 5555).
2026-05-21 20:48:57,741 [INFO] Pomyślnie połączono z bazą PostgreSQL.
2026-05-21 20:49:01,468 [INFO] Klient 0 połączył się z serwerem (oczekiwanie na logowanie).
2026-05-21 20:49:01,477 [INFO] Klient 1 połączył się z serwerem (oczekiwanie na logowanie).
2026-05-21 20:49:03,904 [INFO] Zamykanie połączenia: Klient 1.
2026-05-21 20:49:04,334 [INFO] Zamykanie połączenia: Klient 0.
2026-05-21 20:49:15,573 [INFO] Serwer uruchomiony (Port: 5555).
2026-05-21 20:49:15,615 [INFO] Pomyślnie połączono z bazą PostgreSQL.
2026-05-21 20:51:07,733 [INFO] Serwer uruchomiony (Port: 5555).
2026-05-21 20:51:07,777 [INFO] Pomyślnie połączono z bazą PostgreSQL.
2026-05-21 20:51:11,513 [INFO] Klient 0 połączył się z serwerem (oczekiwanie na logowanie).
2026-05-21 20:51:11,557 [INFO] Klient 1 połączył się z serwerem (oczekiwanie na logowanie).
2026-05-21 20:52:35,536 [INFO] Zamykanie połączenia: Klient 1.
2026-05-21 20:52:36,711 [INFO] Zamykanie połączenia: Klient 0.
2026-05-21 21:02:15,857 [INFO] Serwer uruchomiony (Port: 5555).
2026-05-21 21:02:15,899 [INFO] Pomyślnie połączono z bazą PostgreSQL.
2026-05-21 21:02:19,630 [INFO] Klient 0 połączył się z serwerem (oczekiwanie na logowanie).
2026-05-21 21:02:19,635 [INFO] Klient 1 połączył się z serwerem (oczekiwanie na logowanie).
2026-05-21 21:02:34,477 [INFO] Zamykanie połączenia: Klient 1.
2026-05-21 21:02:34,990 [INFO] Zamykanie połączenia: Klient 0.
2026-05-21 21:04:11,784 [INFO] Serwer uruchomiony (Port: 5555).
2026-05-21 21:04:11,825 [INFO] Pomyślnie połączono z bazą PostgreSQL.
2026-05-21 21:04:15,726 [INFO] Klient 0 połączył się z serwerem (oczekiwanie na logowanie).
2026-05-21 21:04:15,735 [INFO] Klient 1 połączył się z serwerem (oczekiwanie na logowanie).
2026-05-21 21:04:29,365 [INFO] Zamykanie połączenia: Klient 1.
2026-05-21 21:04:31,443 [INFO] Zamykanie połączenia: Klient 0.
2026-05-21 21:06:49,984 [INFO] Serwer uruchomiony (Port: 5555).
2026-05-21 21:06:50,025 [INFO] Pomyślnie połączono z bazą PostgreSQL.
2026-05-21 21:06:53,743 [INFO] Klient 0 połączył się z serwerem (oczekiwanie na logowanie).
2026-05-21 21:06:53,751 [INFO] Klient 1 połączył się z serwerem (oczekiwanie na logowanie).
2026-05-21 21:07:27,417 [INFO] Zamykanie połączenia: Klient 1.
2026-05-21 21:07:29,204 [INFO] Zamykanie połączenia: Klient 0.
2026-05-21 21:08:49,307 [INFO] Serwer uruchomiony (Port: 5555).
2026-05-21 21:08:49,346 [INFO] Pomyślnie połączono z bazą PostgreSQL.
2026-05-21 21:08:53,005 [INFO] Klient 0 połączył się z serwerem (oczekiwanie na logowanie).
2026-05-21 21:08:53,010 [INFO] Klient 1 połączył się z serwerem (oczekiwanie na logowanie).
2026-05-21 21:10:18,321 [INFO] Zarejestrowano nowego gracza: xxdd
2026-05-21 21:10:19,701 [INFO] Gracz 'xxdd' (DB ID: 105) zalogował się pomyślnie.
2026-05-21 21:10:25,518 [INFO] Zamykanie połączenia: Klient 1.
2026-05-21 21:10:29,377 [INFO] Zamykanie połączenia: Klient 0.
2026-05-21 21:12:32,129 [INFO] Serwer uruchomiony (Port: 5555).
2026-05-21 21:12:32,170 [INFO] Pomyślnie połączono z bazą PostgreSQL.
2026-05-21 21:12:35,907 [INFO] Klient 0 połączył się z serwerem (oczekiwanie na logowanie).
2026-05-21 21:12:35,908 [INFO] Klient 1 połączył się z serwerem (oczekiwanie na logowanie).
2026-05-21 21:13:03,081 [INFO] Zamykanie połączenia: Klient 1.
2026-05-21 21:13:03,835 [INFO] Zamykanie połączenia: Klient 0.
2026-05-21 21:15:08,086 [INFO] Serwer uruchomiony (Port: 5555).
2026-05-21 21:15:08,127 [INFO] Pomyślnie połączono z bazą PostgreSQL.
2026-05-21 21:15:11,868 [INFO] Klient 0 połączył się z serwerem (oczekiwanie na logowanie).
2026-05-21 21:15:11,876 [INFO] Klient 1 połączył się z serwerem (oczekiwanie na logowanie).
2026-05-21 21:15:27,350 [INFO] Zamykanie połączenia: Klient 0.
2026-05-21 21:16:37,806 [INFO] Zamykanie połączenia: Klient 1.
2026-05-21 21:46:15,850 [INFO] Serwer uruchomiony (Port: 5555).
2026-05-21 21:46:15,888 [INFO] Pomyślnie połączono z bazą PostgreSQL.
2026-05-21 21:46:19,580 [INFO] Klient 0 połączył się z serwerem (oczekiwanie na logowanie).
2026-05-21 21:46:19,598 [INFO] Klient 1 połączył się z serwerem (oczekiwanie na logowanie).
2026-05-21 21:49:34,491 [INFO] Zamykanie połączenia: Klient 0.
2026-05-21 21:49:38,065 [INFO] Zamykanie połączenia: Klient 1.
2026-05-21 21:58:04,917 [INFO] Serwer uruchomiony (Port: 5555).
2026-05-21 21:58:04,958 [INFO] Pomyślnie połączono z bazą PostgreSQL.
2026-05-21 21:58:08,621 [INFO] Klient 0 połączył się z serwerem (oczekiwanie na logowanie).
2026-05-21 21:58:08,621 [INFO] Klient 1 połączył się z serwerem (oczekiwanie na logowanie).
2026-05-21 21:58:23,585 [INFO] Zamykanie połączenia: Klient 1.
2026-05-21 21:58:27,279 [INFO] Zamykanie połączenia: Klient 0.
2026-05-21 21:59:26,127 [INFO] Serwer uruchomiony (Port: 5555).
2026-05-21 21:59:26,175 [INFO] Pomyślnie połączono z bazą PostgreSQL.
2026-05-21 21:59:29,728 [INFO] Klient 0 połączył się z serwerem (oczekiwanie na logowanie).
2026-05-21 21:59:29,733 [INFO] Klient 1 połączył się z serwerem (oczekiwanie na logowanie).
2026-05-21 21:59:37,501 [INFO] Zamykanie połączenia: Klient 1.
2026-05-21 21:59:38,495 [INFO] Zamykanie połączenia: Klient 0.
2026-05-21 22:04:25,281 [INFO] Serwer uruchomiony (Port: 5555).
2026-05-21 22:04:25,320 [INFO] Pomyślnie połączono z bazą PostgreSQL.
2026-05-21 22:04:29,001 [INFO] Klient 0 połączył się z serwerem (oczekiwanie na logowanie).
2026-05-21 22:04:29,003 [INFO] Klient 1 połączył się z serwerem (oczekiwanie na logowanie).
2026-05-21 22:04:40,035 [INFO] Zamykanie połączenia: Klient 1.
2026-05-21 22:04:42,660 [INFO] Zamykanie połączenia: Klient 0.
2026-05-21 22:05:16,227 [INFO] Serwer uruchomiony (Port: 5555).
2026-05-21 22:05:16,267 [INFO] Pomyślnie połączono z bazą PostgreSQL.
2026-05-21 22:05:19,949 [INFO] Klient 0 połączył się z serwerem (oczekiwanie na logowanie).
2026-05-21 22:05:19,963 [INFO] Klient 1 połączył się z serwerem (oczekiwanie na logowanie).
2026-05-21 22:05:39,657 [INFO] Zamykanie połączenia: Klient 1.
2026-05-21 22:05:40,709 [INFO] Zamykanie połączenia: Klient 0.
2026-05-22 12:05:39,879 [INFO] Serwer uruchomiony (Port: 5555).
2026-05-22 12:05:39,945 [INFO] Pomyślnie połączono z bazą PostgreSQL.
2026-05-22 12:05:44,501 [INFO] Klient 0 połączył się z serwerem (oczekiwanie na logowanie).
2026-05-22 12:05:44,540 [INFO] Klient 1 połączył się z serwerem (oczekiwanie na logowanie).
2026-05-22 12:06:04,554 [INFO] Gracz 'chujchuj123' (DB ID: 3) zalogował się pomyślnie.
2026-05-22 12:06:11,348 [INFO] Gracz chujchuj123 szuka losowej gry...
2026-05-22 12:06:23,448 [INFO] Gracz 'chujchuj321' (DB ID: 104) zalogował się pomyślnie.
2026-05-22 12:06:24,304 [INFO] Matchmaking: chujchuj123 vs chujchuj321 (Pokój: 4GUWD)
2026-05-22 12:06:44,460 [INFO] Gracz chujchuj321 w pokoju 4GUWD jest gotowy.
2026-05-22 12:06:57,322 [INFO] Gracz chujchuj123 w pokoju 4GUWD jest gotowy.
2026-05-22 12:06:57,323 [INFO] Pokój 4GUWD: Obaj gracze gotowi. Start bitwy!
2026-05-22 12:08:05,484 [INFO] Zamykanie połączenia: Klient 0.
2026-05-22 12:08:06,267 [INFO] Zamykanie połączenia: Klient 1.
2026-05-22 20:50:24,730 [INFO] Serwer uruchomiony (Port: 5555).
2026-05-22 20:50:24,931 [INFO] Pomyślnie połączono z bazą PostgreSQL.
2026-05-22 20:50:26,368 [INFO] Klient 0 połączył się z serwerem (oczekiwanie na logowanie).
2026-05-22 20:50:26,414 [INFO] Klient 1 połączył się z serwerem (oczekiwanie na logowanie).
2026-05-22 20:51:43,702 [INFO] Gracz 'chujchuj123' (DB ID: 3) zalogował się pomyślnie.
2026-05-22 20:51:45,268 [INFO] Gracz chujchuj123 szuka losowej gry...
2026-05-22 20:51:58,040 [INFO] Gracz 'chujchuj321' (DB ID: 104) zalogował się pomyślnie.
2026-05-22 20:52:04,549 [INFO] Matchmaking: chujchuj123 vs chujchuj321 (Pokój: FAZY9)
2026-05-22 20:52:24,442 [INFO] Gracz chujchuj321 w pokoju FAZY9 jest gotowy.
2026-05-22 20:52:27,990 [INFO] Gracz chujchuj123 w pokoju FAZY9 jest gotowy.
2026-05-22 20:52:27,991 [INFO] Pokój FAZY9: Obaj gracze gotowi. Start bitwy!
2026-05-22 20:52:51,578 [INFO] Zamykanie połączenia: Klient 0.
2026-05-22 20:52:52,460 [INFO] Zamykanie połączenia: Klient 1.
2026-05-22 20:56:58,210 [INFO] Serwer uruchomiony (Port: 5555).
2026-05-22 20:56:58,264 [INFO] Pomyślnie połączono z bazą PostgreSQL.
2026-05-22 20:57:02,241 [INFO] Klient 0 połączył się z serwerem (oczekiwanie na logowanie).
2026-05-22 20:57:02,242 [INFO] Klient 1 połączył się z serwerem (oczekiwanie na logowanie).
2026-05-22 20:57:41,811 [INFO] Gracz 'chujchuj321' (DB ID: 104) zalogował się pomyślnie.
2026-05-22 20:57:42,847 [INFO] Gracz chujchuj321 szuka losowej gry...
2026-05-22 20:57:57,991 [INFO] Gracz 'chujchuj123' (DB ID: 3) zalogował się pomyślnie.
2026-05-22 20:57:59,488 [INFO] Matchmaking: chujchuj321 vs chujchuj123 (Pokój: G67FK)
2026-05-22 20:58:13,879 [INFO] Gracz chujchuj123 w pokoju G67FK jest gotowy.
2026-05-22 20:58:20,479 [INFO] Zamykanie połączenia: Klient 0.
2026-05-22 20:58:21,349 [INFO] Zamykanie połączenia: Klient 1.
2026-05-22 21:00:17,821 [INFO] Serwer uruchomiony (Port: 5555).
2026-05-22 21:00:17,862 [INFO] Pomyślnie połączono z bazą PostgreSQL.
2026-05-22 21:00:21,705 [INFO] Klient 0 połączył się z serwerem (oczekiwanie na logowanie).
2026-05-22 21:00:21,706 [INFO] Klient 1 połączył się z serwerem (oczekiwanie na logowanie).
2026-05-22 21:00:31,222 [INFO] Gracz 'chujchuj123' (DB ID: 3) zalogował się pomyślnie.
2026-05-22 21:00:32,208 [INFO] Gracz chujchuj123 szuka losowej gry...
2026-05-22 21:00:41,983 [INFO] Gracz 'chujchuj321' (DB ID: 104) zalogował się pomyślnie.
2026-05-22 21:00:44,011 [INFO] Matchmaking: chujchuj123 vs chujchuj321 (Pokój: 7ZMCT)
2026-05-22 21:00:52,863 [INFO] Gracz chujchuj321 w pokoju 7ZMCT jest gotowy.
2026-05-22 21:07:03,796 [INFO] Zamykanie połączenia: Klient 0.
2026-05-22 21:07:04,524 [INFO] Zamykanie połączenia: Klient 1.
2026-05-22 21:07:11,992 [INFO] Serwer uruchomiony (Port: 5555).
2026-05-22 21:07:12,034 [INFO] Pomyślnie połączono z bazą PostgreSQL.
2026-05-22 21:07:16,337 [INFO] Klient 0 połączył się z serwerem (oczekiwanie na logowanie).
2026-05-22 21:07:16,349 [INFO] Klient 1 połączył się z serwerem (oczekiwanie na logowanie).
2026-05-22 21:07:36,223 [INFO] Gracz 'chujchuj123' (DB ID: 3) zalogował się pomyślnie.
2026-05-22 21:07:47,650 [INFO] Gracz 'chujchuj321' (DB ID: 104) zalogował się pomyślnie.
2026-05-22 21:07:48,807 [INFO] Gracz chujchuj321 szuka losowej gry...
2026-05-22 21:07:51,379 [INFO] Matchmaking: chujchuj321 vs chujchuj123 (Pokój: 2S9R5)
2026-05-22 21:08:08,262 [INFO] Gracz chujchuj123 w pokoju 2S9R5 jest gotowy.
2026-05-22 21:08:12,842 [INFO] Gracz chujchuj321 w pokoju 2S9R5 jest gotowy.
2026-05-22 21:08:12,842 [INFO] Pokój 2S9R5: Obaj gracze gotowi. Start bitwy!
2026-05-22 21:08:44,255 [INFO] Zamykanie połączenia: Klient 0.
2026-05-22 21:08:44,814 [INFO] Zamykanie połączenia: Klient 1.
2026-05-22 21:23:28,150 [INFO] Serwer uruchomiony (Port: 5555).
2026-05-22 21:23:28,207 [INFO] Pomyślnie połączono z bazą PostgreSQL.
2026-05-22 21:23:32,753 [INFO] Klient 0 połączył się z serwerem (oczekiwanie na logowanie).
2026-05-22 21:23:32,762 [INFO] Klient 1 połączył się z serwerem (oczekiwanie na logowanie).
2026-05-22 21:23:42,789 [INFO] Gracz 'chujchuj123' (DB ID: 3) zalogował się pomyślnie.
2026-05-22 21:23:43,739 [INFO] Gracz chujchuj123 szuka losowej gry...
2026-05-22 21:23:53,497 [INFO] Gracz 'chujchuj321' (DB ID: 104) zalogował się pomyślnie.
2026-05-22 21:23:54,310 [INFO] Matchmaking: chujchuj123 vs chujchuj321 (Pokój: 8ABT9)
2026-05-22 21:23:59,929 [INFO] Gracz chujchuj321 w pokoju 8ABT9 jest gotowy.
2026-05-22 21:24:05,944 [INFO] Gracz chujchuj123 w pokoju 8ABT9 jest gotowy.
2026-05-22 21:24:05,945 [INFO] Pokój 8ABT9: Obaj gracze gotowi. Start bitwy!
2026-05-22 21:24:21,104 [INFO] Zamykanie połączenia: Klient 1.
2026-05-22 21:24:21,104 [INFO] Gracz chujchuj321 uciekł z bitwy. Przyznaję zwycięstwo: chujchuj123
2026-05-22 21:24:21,155 [INFO] Walkower (Mecz 326) zapisany.
2026-05-22 21:24:37,868 [INFO] Zamykanie połączenia: Klient 0.
2026-05-22 21:25:03,372 [INFO] Serwer uruchomiony (Port: 5555).
2026-05-22 21:25:03,429 [INFO] Pomyślnie połączono z bazą PostgreSQL.
2026-05-22 21:25:08,446 [INFO] Klient 0 połączył się z serwerem (oczekiwanie na logowanie).
2026-05-22 21:25:08,469 [INFO] Klient 1 połączył się z serwerem (oczekiwanie na logowanie).
2026-05-22 21:25:22,123 [INFO] Gracz 'chujchuj123' (DB ID: 3) zalogował się pomyślnie.
2026-05-22 21:25:23,705 [INFO] Gracz chujchuj123 szuka losowej gry...
2026-05-22 21:25:37,357 [INFO] Zarejestrowano nowego gracza: chuj321
2026-05-22 21:25:38,028 [INFO] Gracz 'chuj321' (DB ID: 106) zalogował się pomyślnie.
2026-05-22 21:25:39,802 [INFO] Matchmaking: chujchuj123 vs chuj321 (Pokój: 7AT49)
2026-05-22 21:25:53,584 [INFO] Gracz chuj321 w pokoju 7AT49 jest gotowy.
2026-05-22 21:25:57,889 [INFO] Gracz chujchuj123 w pokoju 7AT49 jest gotowy.
2026-05-22 21:25:57,889 [INFO] Pokój 7AT49: Obaj gracze gotowi. Start bitwy!
2026-05-22 21:27:23,025 [INFO] Zamykanie połączenia: Klient 1.
2026-05-22 21:27:23,026 [INFO] Gracz chuj321 uciekł z bitwy. Przyznaję zwycięstwo: chujchuj123
2026-05-22 21:27:23,031 [INFO] Zamykanie połączenia: Klient 0.
2026-05-22 21:27:23,031 [INFO] Gracz chujchuj123 uciekł z bitwy. Przyznaję zwycięstwo: chuj321
2026-05-22 21:27:23,039 [INFO] Walkower (Mecz 327) zapisany.
2026-05-22 21:27:23,045 [INFO] Walkower (Mecz 328) zapisany.
2026-05-22 21:34:32,873 [INFO] Serwer uruchomiony (Port: 5555).
2026-05-22 21:34:32,941 [INFO] Pomyślnie połączono z bazą PostgreSQL.
2026-05-22 21:34:38,021 [INFO] Klient 0 połączył się z serwerem (oczekiwanie na logowanie).
2026-05-22 21:34:38,041 [INFO] Klient 1 połączył się z serwerem (oczekiwanie na logowanie).
2026-05-22 21:34:42,989 [INFO] Zamykanie połączenia: Klient 0.
2026-05-22 21:34:43,717 [INFO] Zamykanie połączenia: Klient 1.
2026-05-22 21:38:03,117 [INFO] Serwer uruchomiony (Port: 5555).
2026-05-22 21:38:03,176 [INFO] Pomyślnie połączono z bazą PostgreSQL.
2026-05-22 21:38:08,474 [INFO] Klient 0 połączył się z serwerem (oczekiwanie na logowanie).
2026-05-22 21:38:08,489 [INFO] Klient 1 połączył się z serwerem (oczekiwanie na logowanie).
2026-05-22 21:38:25,379 [INFO] Zarejestrowano nowego gracza: chuj
2026-05-22 21:38:25,992 [INFO] Gracz 'chuj' (DB ID: 107) zalogował się pomyślnie.
2026-05-22 21:38:34,200 [INFO] Zamykanie połączenia: Klient 1.
2026-05-22 21:38:34,664 [INFO] Zamykanie połączenia: Klient 0.
2026-05-22 21:48:21,160 [INFO] Serwer uruchomiony (Port: 5555).
2026-05-22 21:48:21,218 [INFO] Pomyślnie połączono z bazą PostgreSQL.
2026-05-22 21:48:26,506 [INFO] Klient 0 połączył się z serwerem (oczekiwanie na logowanie).
2026-05-22 21:48:26,510 [INFO] Klient 1 połączył się z serwerem (oczekiwanie na logowanie).
2026-05-22 21:48:35,785 [INFO] Gracz 'chuj' (DB ID: 107) zalogował się pomyślnie.
2026-05-22 21:48:36,841 [INFO] Gracz chuj szuka losowej gry...
2026-05-22 21:48:47,608 [INFO] Zarejestrowano nowego gracza: chujj
2026-05-22 21:48:48,185 [INFO] Gracz 'chujj' (DB ID: 109) zalogował się pomyślnie.
2026-05-22 21:48:49,048 [INFO] Matchmaking: chuj vs chujj (Pokój: GGT86)
2026-05-22 21:48:53,178 [INFO] Gracz chuj w pokoju GGT86 jest gotowy.
2026-05-22 21:48:56,101 [INFO] Gracz chujj w pokoju GGT86 jest gotowy.
2026-05-22 21:48:56,101 [INFO] Pokój GGT86: Obaj gracze gotowi. Start bitwy!
2026-05-22 21:56:00,826 [INFO] Zamykanie połączenia: Klient 1.
2026-05-22 21:56:00,827 [INFO] Gracz chujj uciekł z bitwy. Przyznaję zwycięstwo: chuj
2026-05-22 21:56:00,827 [INFO] Zamykanie połączenia: Klient 0.
2026-05-22 21:56:00,827 [INFO] Gracz chuj uciekł z bitwy. Przyznaję zwycięstwo: chujj
2026-05-22 21:56:00,834 [INFO] Walkower (Mecz 329) zapisany.
2026-05-22 21:56:00,835 [INFO] Walkower (Mecz 330) zapisany.
2026-05-22 21:57:55,818 [INFO] Serwer uruchomiony (Port: 5555).
2026-05-22 21:57:55,874 [INFO] Pomyślnie połączono z bazą PostgreSQL.
2026-05-22 21:58:00,861 [INFO] Klient 0 połączył się z serwerem (oczekiwanie na logowanie).
2026-05-22 21:58:00,866 [INFO] Klient 1 połączył się z serwerem (oczekiwanie na logowanie).
2026-05-22 21:58:09,336 [INFO] Gracz 'chuj' (DB ID: 107) zalogował się pomyślnie.
2026-05-22 21:58:10,545 [INFO] Gracz chuj szuka losowej gry...
2026-05-22 21:58:20,336 [INFO] Gracz 'chujj' (DB ID: 109) zalogował się pomyślnie.
2026-05-22 21:58:21,425 [INFO] Matchmaking: chuj vs chujj (Pokój: 1JFP8)
2026-05-22 21:58:26,248 [INFO] Gracz chujj w pokoju 1JFP8 jest gotowy.
2026-05-22 21:58:29,966 [INFO] Gracz chuj w pokoju 1JFP8 jest gotowy.
2026-05-22 21:58:29,966 [INFO] Pokój 1JFP8: Obaj gracze gotowi. Start bitwy!
2026-05-22 22:00:05,871 [INFO] Gracz chujj szuka losowej gry...
2026-05-22 22:00:58,509 [INFO] Zamykanie połączenia: Klient 0.
2026-05-22 22:00:58,510 [INFO] Gracz chuj uciekł z bitwy. Przyznaję zwycięstwo: chujj
2026-05-22 22:00:58,524 [INFO] Walkower (Mecz 331) zapisany.
2026-05-22 22:01:06,374 [INFO] Zamykanie połączenia: Klient 1.
2026-05-22 22:03:27,881 [INFO] Serwer uruchomiony (Port: 5555).
2026-05-22 22:03:27,924 [INFO] Pomyślnie połączono z bazą PostgreSQL.
2026-05-22 22:03:56,228 [INFO] Serwer uruchomiony (Port: 5555).
2026-05-22 22:03:56,284 [INFO] Pomyślnie połączono z bazą PostgreSQL.
2026-05-22 22:08:20,749 [INFO] Serwer uruchomiony (Port: 5555).
2026-05-22 22:08:20,807 [INFO] Pomyślnie połączono z bazą PostgreSQL.
2026-05-22 22:08:25,790 [INFO] Klient 0 połączył się z serwerem (oczekiwanie na logowanie).
2026-05-22 22:08:25,809 [INFO] Klient 1 połączył się z serwerem (oczekiwanie na logowanie).
2026-05-22 22:08:54,363 [INFO] Gracz 'chuj' (DB ID: 107) zalogował się pomyślnie.
2026-05-22 22:09:05,243 [INFO] Gracz 'chujj' (DB ID: 109) zalogował się pomyślnie.
2026-05-22 22:09:07,635 [INFO] Gracz chujj szuka losowej gry...
2026-05-22 22:09:09,368 [INFO] Matchmaking: chujj vs chuj (Pokój: 5HY0D)
2026-05-22 22:09:13,575 [INFO] Gracz chuj w pokoju 5HY0D jest gotowy.
2026-05-22 22:09:17,136 [INFO] Gracz chujj w pokoju 5HY0D jest gotowy.
2026-05-22 22:09:17,136 [INFO] Pokój 5HY0D: Obaj gracze gotowi. Start bitwy!
2026-05-22 22:10:25,970 [INFO] Gracz chuj poddał się. Zwycięstwo dla chujj
2026-05-22 22:10:32,550 [INFO] Zamykanie połączenia: Klient 1.
2026-05-22 22:10:32,550 [INFO] Gracz chujj uciekł z bitwy. Przyznaję zwycięstwo: chuj
2026-05-22 22:10:32,560 [INFO] Walkower (Mecz 333) zapisany.
2026-05-22 22:10:35,453 [ERROR] Błąd połączenia klienta (ID:0): [WinError 10054] Istniejące połączenie zostało gwałtownie zamknięte przez zdalnego hosta
2026-05-22 22:10:35,453 [INFO] Zamykanie połączenia: Klient 0.
2026-05-22 22:14:53,478 [INFO] Serwer uruchomiony (Port: 5555).
2026-05-22 22:14:53,533 [INFO] Pomyślnie połączono z bazą PostgreSQL.
2026-05-22 22:14:57,792 [INFO] Klient 0 połączył się z serwerem (oczekiwanie na logowanie).
2026-05-22 22:14:57,841 [INFO] Klient 1 połączył się z serwerem (oczekiwanie na logowanie).
2026-05-22 22:19:10,477 [INFO] Zamykanie połączenia: Klient 0.
2026-05-22 22:19:10,483 [INFO] Zamykanie połączenia: Klient 1.
2026-05-22 22:19:17,469 [INFO] Serwer uruchomiony (Port: 5555).
2026-05-22 22:19:17,516 [INFO] Pomyślnie połączono z bazą PostgreSQL.
2026-05-22 22:19:22,390 [INFO] Klient 0 połączył się z serwerem (oczekiwanie na logowanie).
2026-05-22 22:19:22,466 [INFO] Klient 1 połączył się z serwerem (oczekiwanie na logowanie).
2026-05-22 22:19:30,773 [INFO] Gracz 'chuj' (DB ID: 107) zalogował się pomyślnie.
2026-05-22 22:19:31,939 [INFO] Gracz chuj szuka losowej gry...
2026-05-22 22:19:44,639 [INFO] Gracz 'chujj' (DB ID: 109) zalogował się pomyślnie.
2026-05-22 22:19:45,953 [INFO] Matchmaking: chuj vs chujj (Pokój: XRRJB)
2026-05-22 22:19:51,570 [INFO] Gracz chujj w pokoju XRRJB jest gotowy.
2026-05-22 22:19:56,267 [INFO] Gracz chuj w pokoju XRRJB jest gotowy.
2026-05-22 22:19:56,267 [INFO] Pokój XRRJB: Obaj gracze gotowi. Start bitwy!
2026-05-22 22:20:31,671 [INFO] Gracz chuj poddał się. Zwycięstwo dla chujj
2026-05-22 22:21:30,686 [ERROR] Błąd połączenia klienta (ID:0): [WinError 10054] Istniejące połączenie zostało gwałtownie zamknięte przez zdalnego hosta
2026-05-22 22:21:30,687 [INFO] Zamykanie połączenia: Klient 0.
2026-05-22 22:21:30,687 [INFO] Gracz chuj uciekł z bitwy. Przyznaję zwycięstwo: chujj
2026-05-22 22:21:30,691 [INFO] Walkower (Mecz 335) zapisany.
2026-05-22 22:21:31,902 [ERROR] Błąd połączenia klienta (ID:1): [WinError 10054] Istniejące połączenie zostało gwałtownie zamknięte przez zdalnego hosta
2026-05-22 22:21:31,902 [INFO] Zamykanie połączenia: Klient 1.
2026-05-22 22:27:50,974 [INFO] Serwer uruchomiony (Port: 5555).
2026-05-22 22:27:51,040 [INFO] Pomyślnie połączono z bazą PostgreSQL.
2026-05-22 22:27:56,096 [INFO] Klient 0 połączył się z serwerem (oczekiwanie na logowanie).
2026-05-22 22:27:56,105 [INFO] Klient 1 połączył się z serwerem (oczekiwanie na logowanie).
2026-05-22 22:28:11,756 [INFO] Gracz 'chuj' (DB ID: 107) zalogował się pomyślnie.
2026-05-22 22:28:45,056 [INFO] Zamykanie połączenia: Klient 0.
2026-05-22 22:28:59,408 [INFO] Gracz 'chuj' (DB ID: 107) zalogował się pomyślnie.
2026-05-22 22:31:10,368 [INFO] Zamykanie połączenia: Klient 1.
